Archive member included to satisfy reference by file (symbol)

/usr/lib/gcc/arm-none-eabi/9.2.1/thumb/v6-m/nofp/libgcc.a(_dvmd_tls.o)
                              CMakeFiles/main.dir/home/jim/pub/pico/pico-sdk/src/rp2_common/pico_divider/divider.S.obj (__aeabi_idiv0)
/usr/lib/gcc/arm-none-eabi/9.2.1/../../../arm-none-eabi/lib/thumb/v6-m/nofp/libc.a(lib_a-atexit.o)
                              /usr/lib/gcc/arm-none-eabi/9.2.1/../../../arm-none-eabi/lib/thumb/v6-m/nofp/crt0.o (atexit)
/usr/lib/gcc/arm-none-eabi/9.2.1/../../../arm-none-eabi/lib/thumb/v6-m/nofp/libc.a(lib_a-calloc.o)
                              CMakeFiles/main.dir/home/jim/pub/pico/pico-sdk/src/rp2_common/pico_malloc/pico_malloc.c.obj (calloc)
/usr/lib/gcc/arm-none-eabi/9.2.1/../../../arm-none-eabi/lib/thumb/v6-m/nofp/libc.a(lib_a-callocr.o)
                              /usr/lib/gcc/arm-none-eabi/9.2.1/../../../arm-none-eabi/lib/thumb/v6-m/nofp/libc.a(lib_a-calloc.o) (_calloc_r)
/usr/lib/gcc/arm-none-eabi/9.2.1/../../../arm-none-eabi/lib/thumb/v6-m/nofp/libc.a(lib_a-fini.o)
                              /usr/lib/gcc/arm-none-eabi/9.2.1/../../../arm-none-eabi/lib/thumb/v6-m/nofp/crt0.o (__libc_fini_array)
/usr/lib/gcc/arm-none-eabi/9.2.1/../../../arm-none-eabi/lib/thumb/v6-m/nofp/libc.a(lib_a-impure.o)
                              /usr/lib/gcc/arm-none-eabi/9.2.1/../../../arm-none-eabi/lib/thumb/v6-m/nofp/libc.a(lib_a-calloc.o) (_impure_ptr)
/usr/lib/gcc/arm-none-eabi/9.2.1/../../../arm-none-eabi/lib/thumb/v6-m/nofp/libc.a(lib_a-init.o)
                              /usr/lib/gcc/arm-none-eabi/9.2.1/../../../arm-none-eabi/lib/thumb/v6-m/nofp/crt0.o (__libc_init_array)
/usr/lib/gcc/arm-none-eabi/9.2.1/../../../arm-none-eabi/lib/thumb/v6-m/nofp/libc.a(lib_a-malloc.o)
                              CMakeFiles/main.dir/home/jim/pub/pico/pico-sdk/src/rp2_common/pico_malloc/pico_malloc.c.obj (malloc)
/usr/lib/gcc/arm-none-eabi/9.2.1/../../../arm-none-eabi/lib/thumb/v6-m/nofp/libc.a(lib_a-mallocr.o)
                              /usr/lib/gcc/arm-none-eabi/9.2.1/../../../arm-none-eabi/lib/thumb/v6-m/nofp/libc.a(lib_a-callocr.o) (_malloc_r)
/usr/lib/gcc/arm-none-eabi/9.2.1/../../../arm-none-eabi/lib/thumb/v6-m/nofp/libc.a(lib_a-mlock.o)
                              /usr/lib/gcc/arm-none-eabi/9.2.1/../../../arm-none-eabi/lib/thumb/v6-m/nofp/libc.a(lib_a-mallocr.o) (__malloc_lock)
/usr/lib/gcc/arm-none-eabi/9.2.1/../../../arm-none-eabi/lib/thumb/v6-m/nofp/libc.a(lib_a-sbrkr.o)
                              /usr/lib/gcc/arm-none-eabi/9.2.1/../../../arm-none-eabi/lib/thumb/v6-m/nofp/libc.a(lib_a-mallocr.o) (_sbrk_r)
/usr/lib/gcc/arm-none-eabi/9.2.1/../../../arm-none-eabi/lib/thumb/v6-m/nofp/libc.a(lib_a-strlen-stub.o)
                              CMakeFiles/main.dir/home/jim/pub/pico/pico-sdk/src/rp2_common/pico_stdio/stdio.c.obj (strlen)
/usr/lib/gcc/arm-none-eabi/9.2.1/../../../arm-none-eabi/lib/thumb/v6-m/nofp/libc.a(lib_a-__atexit.o)
                              /usr/lib/gcc/arm-none-eabi/9.2.1/../../../arm-none-eabi/lib/thumb/v6-m/nofp/libc.a(lib_a-atexit.o) (__register_exitproc)
/usr/lib/gcc/arm-none-eabi/9.2.1/../../../arm-none-eabi/lib/thumb/v6-m/nofp/libc.a(lib_a-freer.o)
                              /usr/lib/gcc/arm-none-eabi/9.2.1/../../../arm-none-eabi/lib/thumb/v6-m/nofp/libc.a(lib_a-malloc.o) (_free_r)
/usr/lib/gcc/arm-none-eabi/9.2.1/../../../arm-none-eabi/lib/thumb/v6-m/nofp/libc.a(lib_a-reent.o)
                              /usr/lib/gcc/arm-none-eabi/9.2.1/../../../arm-none-eabi/lib/thumb/v6-m/nofp/libc.a(lib_a-sbrkr.o) (errno)

Allocating common symbols
Common symbol       size              file

sf_table            0x100             CMakeFiles/main.dir/home/jim/pub/pico/pico-sdk/src/rp2_common/pico_float/float_init_rom.c.obj
errno               0x4               /usr/lib/gcc/arm-none-eabi/9.2.1/../../../arm-none-eabi/lib/thumb/v6-m/nofp/libc.a(lib_a-reent.o)
_usbd_qdef_buf      0xc0              CMakeFiles/main.dir/home/jim/pub/pico/pico-sdk/lib/tinyusb/src/device/usbd.c.obj
sd_table            0x100             CMakeFiles/main.dir/home/jim/pub/pico/pico-sdk/src/rp2_common/pico_double/double_init_rom.c.obj
uart_char_to_line_feed
                    0x4               CMakeFiles/main.dir/home/jim/pub/pico/pico-sdk/src/rp2_common/hardware_uart/uart.c.obj

Discarded input sections

 .text          0x0000000000000000        0x0 /usr/lib/gcc/arm-none-eabi/9.2.1/thumb/v6-m/nofp/crti.o
 .data          0x0000000000000000        0x0 /usr/lib/gcc/arm-none-eabi/9.2.1/thumb/v6-m/nofp/crti.o
 .bss           0x0000000000000000        0x0 /usr/lib/gcc/arm-none-eabi/9.2.1/thumb/v6-m/nofp/crti.o
 .data          0x0000000000000000        0x4 /usr/lib/gcc/arm-none-eabi/9.2.1/thumb/v6-m/nofp/crtbegin.o
 .fini_array    0x0000000000000000        0x4 /usr/lib/gcc/arm-none-eabi/9.2.1/thumb/v6-m/nofp/crtbegin.o
 .text          0x0000000000000000       0x74 /usr/lib/gcc/arm-none-eabi/9.2.1/../../../arm-none-eabi/lib/thumb/v6-m/nofp/crt0.o
[...]
Memory Configuration

Name             Origin             Length             Attributes
FLASH            0x0000000010000000 0x0000000000200000 xr
RAM              0x0000000020000000 0x0000000000040000 xrw
SCRATCH_X        0x0000000020040000 0x0000000000001000 xrw
SCRATCH_Y        0x0000000020041000 0x0000000000001000 xrw
*default*        0x0000000000000000 0xffffffffffffffff

Linker script and memory map

LOAD /usr/lib/gcc/arm-none-eabi/9.2.1/thumb/v6-m/nofp/crti.o
LOAD /usr/lib/gcc/arm-none-eabi/9.2.1/thumb/v6-m/nofp/crtbegin.o
LOAD /usr/lib/gcc/arm-none-eabi/9.2.1/../../../arm-none-eabi/lib/thumb/v6-m/nofp/crt0.o

.flash_begin    0x0000000010000000        0x0
                0x0000000010000000                __flash_binary_start = .

.boot2          0x0000000010000000      0x100
                0x0000000010000000                __boot2_start__ = .
 *(.boot2)
 .boot2         0x0000000010000000      0x100 /tmp/ccopTu2W.o
                0x0000000010000100                __boot2_end__ = .
                0x0000000000000001                ASSERT (((__boot2_end__ - __boot2_start__) == 0x100), ERROR: Pico second stage bootloader must be 256 bytes in size)

.text           0x0000000010000100     0x5910
                0x0000000010000100                __logical_binary_start = .
 *(.vectors)
 .vectors       0x0000000010000100       0xd4 CMakeFiles/main.dir/home/jim/pub/pico/pico-sdk/src/rp2_common/pico_standard_link/crt0.S.obj
                0x0000000010000100                __vectors
                0x0000000010000100                __VECTOR_TABLE
                0x00000000100001c0                isr_invalid
                0x00000000100001c0                __default_isrs_start
                0x00000000100001c2                isr_nmi
                0x00000000100001c4                isr_hardfault
                0x00000000100001c6                isr_svcall
                0x00000000100001c8                isr_pendsv
                0x00000000100001ca                isr_systick
                0x00000000100001cc                isr_irq30
                0x00000000100001cc                __unhandled_user_irq
                0x00000000100001cc                isr_irq13
                0x00000000100001cc                isr_irq27
                0x00000000100001cc                isr_irq31
                0x00000000100001cc                isr_irq5
                0x00000000100001cc                isr_irq11
                0x00000000100001cc                isr_irq23
                0x00000000100001cc                isr_irq18
                0x00000000100001cc                isr_irq28
                0x00000000100001cc                isr_irq19
                0x00000000100001cc                isr_irq0
                0x00000000100001cc                isr_irq6
                0x00000000100001cc                isr_irq22
                0x00000000100001cc                isr_irq17
                0x00000000100001cc                isr_irq14
                0x00000000100001cc                isr_irq2
                0x00000000100001cc                isr_irq10
                0x00000000100001cc                isr_irq8
                0x00000000100001cc                isr_irq24
                0x00000000100001cc                isr_irq1
                0x00000000100001cc                isr_irq7
                0x00000000100001cc                isr_irq21
                0x00000000100001cc                isr_irq20
                0x00000000100001cc                isr_irq15
                0x00000000100001cc                isr_irq25
                0x00000000100001cc                isr_irq4
                0x00000000100001cc                isr_irq16
                0x00000000100001cc                isr_irq29
                0x00000000100001cc                isr_irq26
                0x00000000100001cc                __default_isrs_end
                0x00000000100001cc                isr_irq3
                0x00000000100001cc                isr_irq12
                0x00000000100001cc                isr_irq9
                0x00000000100001d2                unhandled_user_irq_num_in_r0
 *(.binary_info_header)
 .binary_info_header
                0x00000000100001d4       0x14 CMakeFiles/main.dir/home/jim/pub/pico/pico-sdk/src/rp2_common/pico_standard_link/crt0.S.obj
                0x00000000100001e8                __binary_info_header_end = .
 *(.reset)
 .reset         0x00000000100001e8       0xa8 CMakeFiles/main.dir/home/jim/pub/pico/pico-sdk/src/rp2_common/pico_standard_link/crt0.S.obj
                0x00000000100001e8                _entry_point
                0x0000000010000266                __get_current_exception
 .reset         0x0000000010000290       0x30 CMakeFiles/main.dir/home/jim/pub/pico/pico-sdk/src/rp2_common/pico_standard_link/binary_info.c.obj
 *(.init)
 .init          0x00000000100002c0        0x4 /usr/lib/gcc/arm-none-eabi/9.2.1/thumb/v6-m/nofp/crti.o
                0x00000000100002c0                _init
 *(EXCLUDE_FILE(*libm.a: *libc.a:*lib_a-mem*.o *libgcc.a:) .text*)
 .text          0x00000000100002c4       0x98 /usr/lib/gcc/arm-none-eabi/9.2.1/thumb/v6-m/nofp/crtbegin.o
 .text.led_flasher
                0x000000001000035c       0x44 CMakeFiles/main.dir/main.c.obj
 .text.i2c_slave_handler
                0x00000000100003a0      0x224 CMakeFiles/main.dir/main.c.obj
 .text.IrqRxTxChange
                0x00000000100005c4       0x24 CMakeFiles/main.dir/main.c.obj
 .text.startup.main
                0x00000000100005e8      0x360 CMakeFiles/main.dir/main.c.obj
                0x00000000100005e8                main
 .text.gpio_irq_handler
                0x0000000010000948       0x7c CMakeFiles/main.dir/home/jim/pub/pico/pico-sdk/src/rp2_common/hardware_gpio/gpio.c.obj
 .text.gpio_set_function
                0x00000000100009c4       0x30 CMakeFiles/main.dir/home/jim/pub/pico/pico-sdk/src/rp2_common/hardware_gpio/gpio.c.obj
                0x00000000100009c4                gpio_set_function
 .text.gpio_set_pulls
                0x00000000100009f4       0x30 CMakeFiles/main.dir/home/jim/pub/pico/pico-sdk/src/rp2_common/hardware_gpio/gpio.c.obj
                0x00000000100009f4                gpio_set_pulls
 .text.gpio_set_irq_enabled_with_callback
                0x0000000010000a24       0x78 CMakeFiles/main.dir/home/jim/pub/pico/pico-sdk/src/rp2_common/hardware_gpio/gpio.c.obj
                0x0000000010000a24                gpio_set_irq_enabled_with_callback
 .text.gpio_init
                0x0000000010000a9c       0x3c CMakeFiles/main.dir/home/jim/pub/pico/pico-sdk/src/rp2_common/hardware_gpio/gpio.c.obj
                0x0000000010000a9c                gpio_init
 .text.hw_claim_or_assert
                0x0000000010000ad8       0x48 CMakeFiles/main.dir/home/jim/pub/pico/pico-sdk/src/rp2_common/hardware_claim/claim.c.obj
                0x0000000010000ad8                hw_claim_or_assert
 .text.hw_claim_unused_from_range
                0x0000000010000b20       0x9c CMakeFiles/main.dir/home/jim/pub/pico/pico-sdk/src/rp2_common/hardware_claim/claim.c.obj
                0x0000000010000b20                hw_claim_unused_from_range
 .text.running_on_fpga
                0x0000000010000bbc       0x10 CMakeFiles/main.dir/home/jim/pub/pico/pico-sdk/src/rp2_common/pico_platform/platform.c.obj
                0x0000000010000bbc                running_on_fpga
 .text.spin_locks_reset
                0x0000000010000bcc       0x1c CMakeFiles/main.dir/home/jim/pub/pico/pico-sdk/src/rp2_common/hardware_sync/sync.c.obj
                0x0000000010000bcc                spin_locks_reset
 .text.next_striped_spin_lock_num
                0x0000000010000be8       0x18 CMakeFiles/main.dir/home/jim/pub/pico/pico-sdk/src/rp2_common/hardware_sync/sync.c.obj
                0x0000000010000be8                next_striped_spin_lock_num
 .text.spin_lock_claim_unused
                0x0000000010000c00       0x20 CMakeFiles/main.dir/home/jim/pub/pico/pico-sdk/src/rp2_common/hardware_sync/sync.c.obj
                0x0000000010000c00                spin_lock_claim_unused
 .text.uart_init
                0x0000000010000c20       0xe4 CMakeFiles/main.dir/home/jim/pub/pico/pico-sdk/src/rp2_common/hardware_uart/uart.c.obj
                0x0000000010000c20                uart_init
 .text.timer_pool_entry_comparator
                0x0000000010000d04       0x34 CMakeFiles/main.dir/home/jim/pub/pico/pico-sdk/src/common/pico_time/time.c.obj
                0x0000000010000d04                timer_pool_entry_comparator
 .text.repeating_timer_callback
                0x0000000010000d38       0x1c CMakeFiles/main.dir/home/jim/pub/pico/pico-sdk/src/common/pico_time/time.c.obj
 .text.sleep_until_callback
                0x0000000010000d54       0x30 CMakeFiles/main.dir/home/jim/pub/pico/pico-sdk/src/common/pico_time/time.c.obj
 .text.alarm_pool_add_alarm_at.constprop.0
                0x0000000010000d84      0x128 CMakeFiles/main.dir/home/jim/pub/pico/pico-sdk/src/common/pico_time/time.c.obj
 .text.add_alarm_under_lock
                0x0000000010000eac      0x108 CMakeFiles/main.dir/home/jim/pub/pico/pico-sdk/src/common/pico_time/time.c.obj
 .text.alarm_pool_alarm_callback
                0x0000000010000fb4      0x1c8 CMakeFiles/main.dir/home/jim/pub/pico/pico-sdk/src/common/pico_time/time.c.obj
 .text.alarm_pool_init_default
                0x000000001000117c       0x64 CMakeFiles/main.dir/home/jim/pub/pico/pico-sdk/src/common/pico_time/time.c.obj
                0x000000001000117c                alarm_pool_init_default
 .text.alarm_pool_get_default
                0x00000000100011e0        0x8 CMakeFiles/main.dir/home/jim/pub/pico/pico-sdk/src/common/pico_time/time.c.obj
                0x00000000100011e0                alarm_pool_get_default
 .text.alarm_pool_add_alarm_at
                0x00000000100011e8      0x1ac CMakeFiles/main.dir/home/jim/pub/pico/pico-sdk/src/common/pico_time/time.c.obj
                0x00000000100011e8                alarm_pool_add_alarm_at
 .text.alarm_pool_add_repeating_timer_us
                0x0000000010001394      0x240 CMakeFiles/main.dir/home/jim/pub/pico/pico-sdk/src/common/pico_time/time.c.obj
                0x0000000010001394                alarm_pool_add_repeating_timer_us
 .text.sleep_until
                0x00000000100015d4       0xac CMakeFiles/main.dir/home/jim/pub/pico/pico-sdk/src/common/pico_time/time.c.obj
                0x00000000100015d4                sleep_until
 .text.sleep_ms
                0x0000000010001680       0x38 CMakeFiles/main.dir/home/jim/pub/pico/pico-sdk/src/common/pico_time/time.c.obj
                0x0000000010001680                sleep_ms
 .text.best_effort_wfe_or_timeout
                0x00000000100016b8       0xd4 CMakeFiles/main.dir/home/jim/pub/pico/pico-sdk/src/common/pico_time/time.c.obj
                0x00000000100016b8                best_effort_wfe_or_timeout
 .text.hardware_alarm_irq_handler
                0x000000001000178c       0xb8 CMakeFiles/main.dir/home/jim/pub/pico/pico-sdk/src/rp2_common/hardware_timer/timer.c.obj
 .text.hardware_alarm_claim
                0x0000000010001844       0x18 CMakeFiles/main.dir/home/jim/pub/pico/pico-sdk/src/rp2_common/hardware_timer/timer.c.obj
                0x0000000010001844                hardware_alarm_claim
 .text.time_us_64
                0x000000001000185c       0x14 CMakeFiles/main.dir/home/jim/pub/pico/pico-sdk/src/rp2_common/hardware_timer/timer.c.obj
                0x000000001000185c                time_us_64
 .text.busy_wait_until
                0x0000000010001870       0x20 CMakeFiles/main.dir/home/jim/pub/pico/pico-sdk/src/rp2_common/hardware_timer/timer.c.obj
                0x0000000010001870                busy_wait_until
 .text.hardware_alarm_set_callback
                0x0000000010001890       0x8c CMakeFiles/main.dir/home/jim/pub/pico/pico-sdk/src/rp2_common/hardware_timer/timer.c.obj
                0x0000000010001890                hardware_alarm_set_callback
 .text.hardware_alarm_set_target
                0x000000001000191c       0xe4 CMakeFiles/main.dir/home/jim/pub/pico/pico-sdk/src/rp2_common/hardware_timer/timer.c.obj
                0x000000001000191c                hardware_alarm_set_target
 .text.hardware_alarm_cancel
                0x0000000010001a00       0x40 CMakeFiles/main.dir/home/jim/pub/pico/pico-sdk/src/rp2_common/hardware_timer/timer.c.obj
                0x0000000010001a00                hardware_alarm_cancel
 .text.lock_init
                0x0000000010001a40       0x10 CMakeFiles/main.dir/home/jim/pub/pico/pico-sdk/src/common/pico_sync/lock_core.c.obj
                0x0000000010001a40                lock_init
 .text.mutex_init
                0x0000000010001a50       0x1c CMakeFiles/main.dir/home/jim/pub/pico/pico-sdk/src/common/pico_sync/mutex.c.obj
                0x0000000010001a50                mutex_init
 .text.recursive_mutex_init
                0x0000000010001a6c       0x1c CMakeFiles/main.dir/home/jim/pub/pico/pico-sdk/src/common/pico_sync/mutex.c.obj
                0x0000000010001a6c                recursive_mutex_init
 .text.critical_section_init
                0x0000000010001a88       0x1c CMakeFiles/main.dir/home/jim/pub/pico/pico-sdk/src/common/pico_sync/critical_section.c.obj
                0x0000000010001a88                critical_section_init
 .text.ph_merge_nodes
                0x0000000010001aa4       0x68 CMakeFiles/main.dir/home/jim/pub/pico/pico-sdk/src/common/pico_util/pheap.c.obj
 .text.ph_post_alloc_init
                0x0000000010001b0c       0x3c CMakeFiles/main.dir/home/jim/pub/pico/pico-sdk/src/common/pico_util/pheap.c.obj
                0x0000000010001b0c                ph_post_alloc_init
 .text.ph_merge_two_pass
                0x0000000010001b48       0x90 CMakeFiles/main.dir/home/jim/pub/pico/pico-sdk/src/common/pico_util/pheap.c.obj
                0x0000000010001b48                ph_merge_two_pass
 .text.ph_remove_any_head
                0x0000000010001bd8       0xf8 CMakeFiles/main.dir/home/jim/pub/pico/pico-sdk/src/common/pico_util/pheap.c.obj
 .text.ph_remove_head
                0x0000000010001cd0      0x13c CMakeFiles/main.dir/home/jim/pub/pico/pico-sdk/src/common/pico_util/pheap.c.obj
                0x0000000010001cd0                ph_remove_head
 .text.ph_remove_and_free_node
                0x0000000010001e0c       0x7c CMakeFiles/main.dir/home/jim/pub/pico/pico-sdk/src/common/pico_util/pheap.c.obj
                0x0000000010001e0c                ph_remove_and_free_node
 .text.runtime_init
                0x0000000010001e88       0xf0 CMakeFiles/main.dir/home/jim/pub/pico/pico-sdk/src/rp2_common/pico_runtime/runtime.c.obj
                0x0000000010001e88                runtime_init
 .text.exit     0x0000000010001f78        0x4 CMakeFiles/main.dir/home/jim/pub/pico/pico-sdk/src/rp2_common/pico_runtime/runtime.c.obj
                0x0000000010001f78                exit
 .text.panic    0x0000000010001f7c       0x30 CMakeFiles/main.dir/home/jim/pub/pico/pico-sdk/src/rp2_common/pico_runtime/runtime.c.obj
                0x0000000010001f7c                panic
 .text.hard_assertion_failure
                0x0000000010001fac        0xc CMakeFiles/main.dir/home/jim/pub/pico/pico-sdk/src/rp2_common/pico_runtime/runtime.c.obj
                0x0000000010001fac                hard_assertion_failure
 .text.clocks_init
                0x0000000010001fb8      0x2bc CMakeFiles/main.dir/home/jim/pub/pico/pico-sdk/src/rp2_common/hardware_clocks/clocks.c.obj
                0x0000000010001fb8                clocks_init
 .text.clock_get_hz
                0x0000000010002274        0xc CMakeFiles/main.dir/home/jim/pub/pico/pico-sdk/src/rp2_common/hardware_clocks/clocks.c.obj
                0x0000000010002274                clock_get_hz
 .text.irq_set_enabled
                0x0000000010002280       0x24 CMakeFiles/main.dir/home/jim/pub/pico/pico-sdk/src/rp2_common/hardware_irq/irq.c.obj
                0x0000000010002280                irq_set_enabled
 .text.irq_set_pending
                0x00000000100022a4       0x10 CMakeFiles/main.dir/home/jim/pub/pico/pico-sdk/src/rp2_common/hardware_irq/irq.c.obj
                0x00000000100022a4                irq_set_pending
 .text.irq_get_vtable_handler
                0x00000000100022b4       0x10 CMakeFiles/main.dir/home/jim/pub/pico/pico-sdk/src/rp2_common/hardware_irq/irq.c.obj
                0x00000000100022b4                irq_get_vtable_handler
 .text.irq_set_exclusive_handler
                0x00000000100022c4       0x54 CMakeFiles/main.dir/home/jim/pub/pico/pico-sdk/src/rp2_common/hardware_irq/irq.c.obj
                0x00000000100022c4                irq_set_exclusive_handler
 .text.irq_remove_handler
                0x0000000010002318      0x1b8 CMakeFiles/main.dir/home/jim/pub/pico/pico-sdk/src/rp2_common/hardware_irq/irq.c.obj
                0x0000000010002318                irq_remove_handler
 .text.irq_add_tail_to_free_list
                0x00000000100024d0       0xb8 CMakeFiles/main.dir/home/jim/pub/pico/pico-sdk/src/rp2_common/hardware_irq/irq.c.obj
                0x00000000100024d0                irq_add_tail_to_free_list
 .text.irq_init_priorities
                0x0000000010002588       0x24 CMakeFiles/main.dir/home/jim/pub/pico/pico-sdk/src/rp2_common/hardware_irq/irq.c.obj
                0x0000000010002588                irq_init_priorities
 .text.pll_init
                0x00000000100025ac       0xa4 CMakeFiles/main.dir/home/jim/pub/pico/pico-sdk/src/rp2_common/hardware_pll/pll.c.obj
                0x00000000100025ac                pll_init
 .text.watchdog_start_tick
                0x0000000010002650       0x10 CMakeFiles/main.dir/home/jim/pub/pico/pico-sdk/src/rp2_common/hardware_watchdog/watchdog.c.obj
                0x0000000010002650                watchdog_start_tick
 .text.watchdog_reboot
                0x0000000010002660       0x98 CMakeFiles/main.dir/home/jim/pub/pico/pico-sdk/src/rp2_common/hardware_watchdog/watchdog.c.obj
                0x0000000010002660                watchdog_reboot
 .text.xosc_init
                0x00000000100026f8       0x28 CMakeFiles/main.dir/home/jim/pub/pico/pico-sdk/src/rp2_common/hardware_xosc/xosc.c.obj
                0x00000000100026f8                xosc_init
 .text._out_char
                0x0000000010002720       0x10 CMakeFiles/main.dir/home/jim/pub/pico/pico-sdk/src/rp2_common/pico_printf/printf.c.obj
 .text.weak_raw_vprintf
                0x0000000010002730       0x30 CMakeFiles/main.dir/home/jim/pub/pico/pico-sdk/src/rp2_common/pico_printf/printf.c.obj
                0x0000000010002730                weak_raw_vprintf
 .text          0x0000000010002760       0x10 CMakeFiles/main.dir/home/jim/pub/pico/pico-sdk/src/rp2_common/pico_bit_ops/bit_ops_aeabi.S.obj
 .text.rom_func_lookup
                0x0000000010002770       0x10 CMakeFiles/main.dir/home/jim/pub/pico/pico-sdk/src/rp2_common/pico_bootrom/bootrom.c.obj
                0x0000000010002770                rom_func_lookup
 .text.rom_data_lookup
                0x0000000010002780       0x10 CMakeFiles/main.dir/home/jim/pub/pico/pico-sdk/src/rp2_common/pico_bootrom/bootrom.c.obj
                0x0000000010002780                rom_data_lookup
 .text.rom_funcs_lookup
                0x0000000010002790       0x3c CMakeFiles/main.dir/home/jim/pub/pico/pico-sdk/src/rp2_common/pico_bootrom/bootrom.c.obj
                0x0000000010002790                rom_funcs_lookup
 .text.__wrap___aeabi_idiv
                0x00000000100027cc       0x50 CMakeFiles/main.dir/home/jim/pub/pico/pico-sdk/src/rp2_common/pico_divider/divider.S.obj
                0x00000000100027cc                __wrap___aeabi_idivmod
                0x00000000100027cc                divmod_s32s32
                0x00000000100027cc                div_s32s32
                0x00000000100027cc                __wrap___aeabi_idiv
                0x00000000100027d4                divmod_s32s32_unsafe
                0x0000000010002800                divmod_s32s32_savestate
 .text.__wrap___aeabi_uidiv
                0x000000001000281c       0x4c CMakeFiles/main.dir/home/jim/pub/pico/pico-sdk/src/rp2_common/pico_divider/divider.S.obj
                0x000000001000281c                __wrap___aeabi_uidiv
                0x000000001000281c                __wrap___aeabi_uidivmod
                0x000000001000281c                div_u32u32
                0x000000001000281c                divmod_u32u32
                0x0000000010002824                divmod_u32u32_unsafe
                0x000000001000284c                divmod_u32u32_savestate
 .text.__aeabi_double_init
                0x0000000010002868       0xc0 CMakeFiles/main.dir/home/jim/pub/pico/pico-sdk/src/rp2_common/pico_double/double_init_rom.c.obj
                0x0000000010002868                __aeabi_double_init
 .text.double_table_shim_on_use_helper
                0x0000000010002928       0x2c CMakeFiles/main.dir/home/jim/pub/pico/pico-sdk/src/rp2_common/pico_double/double_v1_rom_shim.S.obj
                0x0000000010002928                double_table_shim_on_use_helper
 .text.__aeabi_lmul
                0x0000000010002954       0x32 CMakeFiles/main.dir/home/jim/pub/pico/pico-sdk/src/rp2_common/pico_int64_ops/pico_int64_ops_aeabi.S.obj
                0x0000000010002954                __wrap___aeabi_lmul
 *fill*         0x0000000010002986        0x2 
 .text.__aeabi_float_init
                0x0000000010002988       0x64 CMakeFiles/main.dir/home/jim/pub/pico/pico-sdk/src/rp2_common/pico_float/float_init_rom.c.obj
                0x0000000010002988                __aeabi_float_init
 .text.float_table_shim_on_use_helper
                0x00000000100029ec       0x2c CMakeFiles/main.dir/home/jim/pub/pico/pico-sdk/src/rp2_common/pico_float/float_v1_rom_shim.S.obj
                0x00000000100029ec                float_table_shim_on_use_helper
 .text          0x0000000010002a18       0x10 CMakeFiles/main.dir/home/jim/pub/pico/pico-sdk/src/rp2_common/pico_mem_ops/mem_ops_aeabi.S.obj
                0x0000000010002a18                __aeabi_mem_init
 .text.memset   0x0000000010002a28        0xc CMakeFiles/main.dir/home/jim/pub/pico/pico-sdk/src/rp2_common/pico_mem_ops/mem_ops_aeabi.S.obj
                0x0000000010002a28                __wrap_memset
 .text.memcpy   0x0000000010002a34        0xc CMakeFiles/main.dir/home/jim/pub/pico/pico-sdk/src/rp2_common/pico_mem_ops/mem_ops_aeabi.S.obj
                0x0000000010002a34                __wrap___aeabi_memcpy
                0x0000000010002a34                __wrap_memcpy
 .text.stdio_out_chars_no_crlf
                0x0000000010002a40       0x10 CMakeFiles/main.dir/home/jim/pub/pico/pico-sdk/src/rp2_common/pico_stdio/stdio.c.obj
 .text.stdio_out_chars_crlf
                0x0000000010002a50       0x94 CMakeFiles/main.dir/home/jim/pub/pico/pico-sdk/src/rp2_common/pico_stdio/stdio.c.obj
 .text.stdio_put_string
                0x0000000010002ae4      0x100 CMakeFiles/main.dir/home/jim/pub/pico/pico-sdk/src/rp2_common/pico_stdio/stdio.c.obj
 .text.__wrap_putchar
                0x0000000010002be4       0xa4 CMakeFiles/main.dir/home/jim/pub/pico/pico-sdk/src/rp2_common/pico_stdio/stdio.c.obj
                0x0000000010002be4                __wrap_putchar
 .text.__wrap_puts
                0x0000000010002c88       0x3c CMakeFiles/main.dir/home/jim/pub/pico/pico-sdk/src/rp2_common/pico_stdio/stdio.c.obj
                0x0000000010002c88                __wrap_puts
 .text.stdio_set_driver_enabled
                0x0000000010002cc4       0x3c CMakeFiles/main.dir/home/jim/pub/pico/pico-sdk/src/rp2_common/pico_stdio/stdio.c.obj
                0x0000000010002cc4                stdio_set_driver_enabled
 .text.stdio_init_all
                0x0000000010002d00        0xc CMakeFiles/main.dir/home/jim/pub/pico/pico-sdk/src/rp2_common/pico_stdio/stdio.c.obj
                0x0000000010002d00                stdio_init_all
 .text.stdio_uart_out_chars
                0x0000000010002d0c       0x4c CMakeFiles/main.dir/home/jim/pub/pico/pico-sdk/src/rp2_common/pico_stdio_uart/stdio_uart.c.obj
 .text.stdio_uart_in_chars
                0x0000000010002d58       0x38 CMakeFiles/main.dir/home/jim/pub/pico/pico-sdk/src/rp2_common/pico_stdio_uart/stdio_uart.c.obj
                0x0000000010002d58                stdio_uart_in_chars
 .text.stdio_uart_init
                0x0000000010002d90       0x48 CMakeFiles/main.dir/home/jim/pub/pico/pico-sdk/src/rp2_common/pico_stdio_uart/stdio_uart.c.obj
                0x0000000010002d90                stdio_uart_init
 .text.resetd_init
                0x0000000010002dd8        0x4 CMakeFiles/main.dir/home/jim/pub/pico/pico-sdk/src/rp2_common/pico_stdio_usb/reset_interface.c.obj
 .text.resetd_reset
                0x0000000010002ddc        0xc CMakeFiles/main.dir/home/jim/pub/pico/pico-sdk/src/rp2_common/pico_stdio_usb/reset_interface.c.obj
 .text.resetd_open
                0x0000000010002de8       0x28 CMakeFiles/main.dir/home/jim/pub/pico/pico-sdk/src/rp2_common/pico_stdio_usb/reset_interface.c.obj
 .text.resetd_xfer_cb
                0x0000000010002e10        0x4 CMakeFiles/main.dir/home/jim/pub/pico/pico-sdk/src/rp2_common/pico_stdio_usb/reset_interface.c.obj
 .text.resetd_control_xfer_cb
                0x0000000010002e14       0x64 CMakeFiles/main.dir/home/jim/pub/pico/pico-sdk/src/rp2_common/pico_stdio_usb/reset_interface.c.obj
 .text.usbd_app_driver_get_cb
                0x0000000010002e78        0xc CMakeFiles/main.dir/home/jim/pub/pico/pico-sdk/src/rp2_common/pico_stdio_usb/reset_interface.c.obj
                0x0000000010002e78                usbd_app_driver_get_cb
 .text.tud_cdc_line_coding_cb
                0x0000000010002e84       0x34 CMakeFiles/main.dir/home/jim/pub/pico/pico-sdk/src/rp2_common/pico_stdio_usb/reset_interface.c.obj
                0x0000000010002e84                tud_cdc_line_coding_cb
 .text.stdio_usb_in_chars
                0x0000000010002eb8       0x68 CMakeFiles/main.dir/home/jim/pub/pico/pico-sdk/src/rp2_common/pico_stdio_usb/stdio_usb.c.obj
                0x0000000010002eb8                stdio_usb_in_chars
 .text.stdio_usb_out_chars
                0x0000000010002f20       0xec CMakeFiles/main.dir/home/jim/pub/pico/pico-sdk/src/rp2_common/pico_stdio_usb/stdio_usb.c.obj
 .text.timer_task
                0x000000001000300c       0x10 CMakeFiles/main.dir/home/jim/pub/pico/pico-sdk/src/rp2_common/pico_stdio_usb/stdio_usb.c.obj
 .text.low_priority_worker_irq
                0x000000001000301c       0x24 CMakeFiles/main.dir/home/jim/pub/pico/pico-sdk/src/rp2_common/pico_stdio_usb/stdio_usb.c.obj
 .text.stdio_usb_init
                0x0000000010003040       0x90 CMakeFiles/main.dir/home/jim/pub/pico/pico-sdk/src/rp2_common/pico_stdio_usb/stdio_usb.c.obj
                0x0000000010003040                stdio_usb_init
 .text.tud_descriptor_device_cb
                0x00000000100030d0        0x8 CMakeFiles/main.dir/home/jim/pub/pico/pico-sdk/src/rp2_common/pico_stdio_usb/stdio_usb_descriptors.c.obj
                0x00000000100030d0                tud_descriptor_device_cb
 .text.tud_descriptor_configuration_cb
                0x00000000100030d8        0x8 CMakeFiles/main.dir/home/jim/pub/pico/pico-sdk/src/rp2_common/pico_stdio_usb/stdio_usb_descriptors.c.obj
                0x00000000100030d8                tud_descriptor_configuration_cb
 .text.tud_descriptor_string_cb
                0x00000000100030e0       0x70 CMakeFiles/main.dir/home/jim/pub/pico/pico-sdk/src/rp2_common/pico_stdio_usb/stdio_usb_descriptors.c.obj
                0x00000000100030e0                tud_descriptor_string_cb
 .text.dcd_rp2040_irq
                0x0000000010003150      0x21c CMakeFiles/main.dir/home/jim/pub/pico/pico-sdk/lib/tinyusb/src/portable/raspberrypi/rp2040/dcd_rp2040.c.obj
 .text.dcd_int_enable
                0x000000001000336c        0xc CMakeFiles/main.dir/home/jim/pub/pico/pico-sdk/lib/tinyusb/src/portable/raspberrypi/rp2040/dcd_rp2040.c.obj
                0x000000001000336c                dcd_int_enable
 .text.dcd_set_address
                0x0000000010003378       0x14 CMakeFiles/main.dir/home/jim/pub/pico/pico-sdk/lib/tinyusb/src/portable/raspberrypi/rp2040/dcd_rp2040.c.obj
                0x0000000010003378                dcd_set_address
 .text.dcd_connect
                0x000000001000338c       0x10 CMakeFiles/main.dir/home/jim/pub/pico/pico-sdk/lib/tinyusb/src/portable/raspberrypi/rp2040/dcd_rp2040.c.obj
                0x000000001000338c                dcd_connect
 .text.dcd_init
                0x000000001000339c      0x148 CMakeFiles/main.dir/home/jim/pub/pico/pico-sdk/lib/tinyusb/src/portable/raspberrypi/rp2040/dcd_rp2040.c.obj
                0x000000001000339c                dcd_init
 .text.dcd_edpt0_status_complete
                0x00000000100034e4       0x1c CMakeFiles/main.dir/home/jim/pub/pico/pico-sdk/lib/tinyusb/src/portable/raspberrypi/rp2040/dcd_rp2040.c.obj
                0x00000000100034e4                dcd_edpt0_status_complete
 .text.dcd_edpt_open
                0x0000000010003500       0xf0 CMakeFiles/main.dir/home/jim/pub/pico/pico-sdk/lib/tinyusb/src/portable/raspberrypi/rp2040/dcd_rp2040.c.obj
                0x0000000010003500                dcd_edpt_open
 .text.dcd_edpt_close_all
                0x00000000100035f0       0xbc CMakeFiles/main.dir/home/jim/pub/pico/pico-sdk/lib/tinyusb/src/portable/raspberrypi/rp2040/dcd_rp2040.c.obj
                0x00000000100035f0                dcd_edpt_close_all
 .text.dcd_edpt_xfer
                0x00000000100036ac       0x24 CMakeFiles/main.dir/home/jim/pub/pico/pico-sdk/lib/tinyusb/src/portable/raspberrypi/rp2040/dcd_rp2040.c.obj
                0x00000000100036ac                dcd_edpt_xfer
 .text.dcd_edpt_stall
                0x00000000100036d0       0x38 CMakeFiles/main.dir/home/jim/pub/pico/pico-sdk/lib/tinyusb/src/portable/raspberrypi/rp2040/dcd_rp2040.c.obj
                0x00000000100036d0                dcd_edpt_stall
 .text.dcd_edpt_clear_stall
                0x0000000010003708       0x30 CMakeFiles/main.dir/home/jim/pub/pico/pico-sdk/lib/tinyusb/src/portable/raspberrypi/rp2040/dcd_rp2040.c.obj
                0x0000000010003708                dcd_edpt_clear_stall
 .text._hw_endpoint_buffer_control_update32.part.0
                0x0000000010003738       0x20 CMakeFiles/main.dir/home/jim/pub/pico/pico-sdk/lib/tinyusb/src/portable/raspberrypi/rp2040/rp2040_usb.c.obj
 .text.rp2040_usb_init
                0x0000000010003758       0x4c CMakeFiles/main.dir/home/jim/pub/pico/pico-sdk/lib/tinyusb/src/portable/raspberrypi/rp2040/rp2040_usb.c.obj
                0x0000000010003758                rp2040_usb_init
 .text.hw_endpoint_reset_transfer
                0x00000000100037a4        0xc CMakeFiles/main.dir/home/jim/pub/pico/pico-sdk/lib/tinyusb/src/portable/raspberrypi/rp2040/rp2040_usb.c.obj
                0x00000000100037a4                hw_endpoint_reset_transfer
 .text._hw_endpoint_buffer_control_update32
                0x00000000100037b0       0x40 CMakeFiles/main.dir/home/jim/pub/pico/pico-sdk/lib/tinyusb/src/portable/raspberrypi/rp2040/rp2040_usb.c.obj
                0x00000000100037b0                _hw_endpoint_buffer_control_update32
 .text.hw_endpoint_xfer_start
                0x00000000100037f0      0x138 CMakeFiles/main.dir/home/jim/pub/pico/pico-sdk/lib/tinyusb/src/portable/raspberrypi/rp2040/rp2040_usb.c.obj
                0x00000000100037f0                hw_endpoint_xfer_start
 .text.hw_endpoint_xfer_continue
                0x0000000010003928      0x1e4 CMakeFiles/main.dir/home/jim/pub/pico/pico-sdk/lib/tinyusb/src/portable/raspberrypi/rp2040/rp2040_usb.c.obj
                0x0000000010003928                hw_endpoint_xfer_continue
 .text.tud_mounted
                0x0000000010003b0c       0x10 CMakeFiles/main.dir/home/jim/pub/pico/pico-sdk/lib/tinyusb/src/device/usbd.c.obj
                0x0000000010003b0c                tud_mounted
 .text.tud_suspended
                0x0000000010003b1c       0x10 CMakeFiles/main.dir/home/jim/pub/pico/pico-sdk/lib/tinyusb/src/device/usbd.c.obj
                0x0000000010003b1c                tud_suspended
 .text.tud_inited
                0x0000000010003b2c        0xc CMakeFiles/main.dir/home/jim/pub/pico/pico-sdk/lib/tinyusb/src/device/usbd.c.obj
                0x0000000010003b2c                tud_inited
 .text.tud_init
                0x0000000010003b38       0xd8 CMakeFiles/main.dir/home/jim/pub/pico/pico-sdk/lib/tinyusb/src/device/usbd.c.obj
                0x0000000010003b38                tud_init
 .text.tud_task
                0x0000000010003c10      0x8ec CMakeFiles/main.dir/home/jim/pub/pico/pico-sdk/lib/tinyusb/src/device/usbd.c.obj
                0x0000000010003c10                tud_task
 .text.dcd_event_bus_signal
                0x00000000100044fc      0x120 CMakeFiles/main.dir/home/jim/pub/pico/pico-sdk/lib/tinyusb/src/device/usbd.c.obj
                0x00000000100044fc                dcd_event_bus_signal
 .text.dcd_event_bus_reset
                0x000000001000461c       0x54 CMakeFiles/main.dir/home/jim/pub/pico/pico-sdk/lib/tinyusb/src/device/usbd.c.obj
                0x000000001000461c                dcd_event_bus_reset
 .text.dcd_event_setup_received
                0x0000000010004670       0x50 CMakeFiles/main.dir/home/jim/pub/pico/pico-sdk/lib/tinyusb/src/device/usbd.c.obj
                0x0000000010004670                dcd_event_setup_received
 .text.dcd_event_xfer_complete
                0x00000000100046c0       0x68 CMakeFiles/main.dir/home/jim/pub/pico/pico-sdk/lib/tinyusb/src/device/usbd.c.obj
                0x00000000100046c0                dcd_event_xfer_complete
 .text.usbd_open_edpt_pair
                0x0000000010004728       0x80 CMakeFiles/main.dir/home/jim/pub/pico/pico-sdk/lib/tinyusb/src/device/usbd.c.obj
                0x0000000010004728                usbd_open_edpt_pair
 .text.usbd_edpt_open
                0x00000000100047a8       0x30 CMakeFiles/main.dir/home/jim/pub/pico/pico-sdk/lib/tinyusb/src/device/usbd.c.obj
                0x00000000100047a8                usbd_edpt_open
 .text.usbd_edpt_claim
                0x00000000100047d8       0x64 CMakeFiles/main.dir/home/jim/pub/pico/pico-sdk/lib/tinyusb/src/device/usbd.c.obj
                0x00000000100047d8                usbd_edpt_claim
 .text.usbd_edpt_release
                0x000000001000483c       0x4c CMakeFiles/main.dir/home/jim/pub/pico/pico-sdk/lib/tinyusb/src/device/usbd.c.obj
                0x000000001000483c                usbd_edpt_release
 .text.usbd_edpt_xfer
                0x0000000010004888       0x48 CMakeFiles/main.dir/home/jim/pub/pico/pico-sdk/lib/tinyusb/src/device/usbd.c.obj
                0x0000000010004888                usbd_edpt_xfer
 .text.tud_control_status
                0x00000000100048d0       0x30 CMakeFiles/main.dir/home/jim/pub/pico/pico-sdk/lib/tinyusb/src/device/usbd_control.c.obj
                0x00000000100048d0                tud_control_status
 .text.tud_control_xfer
                0x0000000010004900       0xb8 CMakeFiles/main.dir/home/jim/pub/pico/pico-sdk/lib/tinyusb/src/device/usbd_control.c.obj
                0x0000000010004900                tud_control_xfer
 .text.usbd_control_reset
                0x00000000100049b8       0x14 CMakeFiles/main.dir/home/jim/pub/pico/pico-sdk/lib/tinyusb/src/device/usbd_control.c.obj
                0x00000000100049b8                usbd_control_reset
 .text.usbd_control_set_complete_callback
                0x00000000100049cc        0xc CMakeFiles/main.dir/home/jim/pub/pico/pico-sdk/lib/tinyusb/src/device/usbd_control.c.obj
                0x00000000100049cc                usbd_control_set_complete_callback
 .text.usbd_control_set_request
                0x00000000100049d8       0x1c CMakeFiles/main.dir/home/jim/pub/pico/pico-sdk/lib/tinyusb/src/device/usbd_control.c.obj
                0x00000000100049d8                usbd_control_set_request
 .text.usbd_control_xfer_cb
                0x00000000100049f4       0xf8 CMakeFiles/main.dir/home/jim/pub/pico/pico-sdk/lib/tinyusb/src/device/usbd_control.c.obj
                0x00000000100049f4                usbd_control_xfer_cb
 .text.tud_cdc_n_connected
                0x0000000010004aec       0x30 CMakeFiles/main.dir/home/jim/pub/pico/pico-sdk/lib/tinyusb/src/class/cdc/cdc_device.c.obj
                0x0000000010004aec                tud_cdc_n_connected
 .text.tud_cdc_n_available
                0x0000000010004b1c       0x18 CMakeFiles/main.dir/home/jim/pub/pico/pico-sdk/lib/tinyusb/src/class/cdc/cdc_device.c.obj
                0x0000000010004b1c                tud_cdc_n_available
 .text.tud_cdc_n_read
                0x0000000010004b34       0x70 CMakeFiles/main.dir/home/jim/pub/pico/pico-sdk/lib/tinyusb/src/class/cdc/cdc_device.c.obj
                0x0000000010004b34                tud_cdc_n_read
 .text.tud_cdc_n_write_flush
                0x0000000010004ba4       0x78 CMakeFiles/main.dir/home/jim/pub/pico/pico-sdk/lib/tinyusb/src/class/cdc/cdc_device.c.obj
                0x0000000010004ba4                tud_cdc_n_write_flush
 .text.tud_cdc_n_write
                0x0000000010004c1c       0x34 CMakeFiles/main.dir/home/jim/pub/pico/pico-sdk/lib/tinyusb/src/class/cdc/cdc_device.c.obj
                0x0000000010004c1c                tud_cdc_n_write
 .text.tud_cdc_n_write_available
                0x0000000010004c50       0x18 CMakeFiles/main.dir/home/jim/pub/pico/pico-sdk/lib/tinyusb/src/class/cdc/cdc_device.c.obj
                0x0000000010004c50                tud_cdc_n_write_available
 .text.cdcd_init
                0x0000000010004c68       0x7c CMakeFiles/main.dir/home/jim/pub/pico/pico-sdk/lib/tinyusb/src/class/cdc/cdc_device.c.obj
                0x0000000010004c68                cdcd_init
 .text.cdcd_reset
                0x0000000010004ce4       0x2c CMakeFiles/main.dir/home/jim/pub/pico/pico-sdk/lib/tinyusb/src/class/cdc/cdc_device.c.obj
                0x0000000010004ce4                cdcd_reset
 .text.cdcd_open
                0x0000000010004d10       0xe4 CMakeFiles/main.dir/home/jim/pub/pico/pico-sdk/lib/tinyusb/src/class/cdc/cdc_device.c.obj
                0x0000000010004d10                cdcd_open
 .text.cdcd_control_xfer_cb
                0x0000000010004df4       0xe4 CMakeFiles/main.dir/home/jim/pub/pico/pico-sdk/lib/tinyusb/src/class/cdc/cdc_device.c.obj
                0x0000000010004df4                cdcd_control_xfer_cb
 .text.cdcd_xfer_cb
                0x0000000010004ed8      0x198 CMakeFiles/main.dir/home/jim/pub/pico/pico-sdk/lib/tinyusb/src/class/cdc/cdc_device.c.obj
                0x0000000010004ed8                cdcd_xfer_cb
 .text.tusb_init
                0x0000000010005070        0xc CMakeFiles/main.dir/home/jim/pub/pico/pico-sdk/lib/tinyusb/src/tusb.c.obj
                0x0000000010005070                tusb_init
 .text.tusb_inited
                0x000000001000507c        0x8 CMakeFiles/main.dir/home/jim/pub/pico/pico-sdk/lib/tinyusb/src/tusb.c.obj
                0x000000001000507c                tusb_inited
 .text.tu_edpt_validate
                0x0000000010005084       0x78 CMakeFiles/main.dir/home/jim/pub/pico/pico-sdk/lib/tinyusb/src/tusb.c.obj
                0x0000000010005084                tu_edpt_validate
 .text.tu_edpt_bind_driver
                0x00000000100050fc       0x2c CMakeFiles/main.dir/home/jim/pub/pico/pico-sdk/lib/tinyusb/src/tusb.c.obj
                0x00000000100050fc                tu_edpt_bind_driver
 .text.tu_fifo_config
                0x0000000010005128       0x78 CMakeFiles/main.dir/home/jim/pub/pico/pico-sdk/lib/tinyusb/src/common/tusb_fifo.c.obj
                0x0000000010005128                tu_fifo_config
 .text.tu_fifo_count
                0x00000000100051a0       0x20 CMakeFiles/main.dir/home/jim/pub/pico/pico-sdk/lib/tinyusb/src/common/tusb_fifo.c.obj
                0x00000000100051a0                tu_fifo_count
 .text.tu_fifo_empty
                0x00000000100051c0       0x10 CMakeFiles/main.dir/home/jim/pub/pico/pico-sdk/lib/tinyusb/src/common/tusb_fifo.c.obj
                0x00000000100051c0                tu_fifo_empty
 .text.tu_fifo_remaining
                0x00000000100051d0       0x1c CMakeFiles/main.dir/home/jim/pub/pico/pico-sdk/lib/tinyusb/src/common/tusb_fifo.c.obj
                0x00000000100051d0                tu_fifo_remaining
 .text.tu_fifo_read
                0x00000000100051ec       0x9c CMakeFiles/main.dir/home/jim/pub/pico/pico-sdk/lib/tinyusb/src/common/tusb_fifo.c.obj
                0x00000000100051ec                tu_fifo_read
 .text.tu_fifo_read_n
                0x0000000010005288      0x100 CMakeFiles/main.dir/home/jim/pub/pico/pico-sdk/lib/tinyusb/src/common/tusb_fifo.c.obj
                0x0000000010005288                tu_fifo_read_n
 .text.tu_fifo_write
                0x0000000010005388       0x7c CMakeFiles/main.dir/home/jim/pub/pico/pico-sdk/lib/tinyusb/src/common/tusb_fifo.c.obj
                0x0000000010005388                tu_fifo_write
 .text.tu_fifo_write_n
                0x0000000010005404       0xf8 CMakeFiles/main.dir/home/jim/pub/pico/pico-sdk/lib/tinyusb/src/common/tusb_fifo.c.obj
                0x0000000010005404                tu_fifo_write_n
 .text.tu_fifo_clear
                0x00000000100054fc       0x4c CMakeFiles/main.dir/home/jim/pub/pico/pico-sdk/lib/tinyusb/src/common/tusb_fifo.c.obj
                0x00000000100054fc                tu_fifo_clear
 .text.tu_fifo_set_overwritable
                0x0000000010005548       0x3c CMakeFiles/main.dir/home/jim/pub/pico/pico-sdk/lib/tinyusb/src/common/tusb_fifo.c.obj
                0x0000000010005548                tu_fifo_set_overwritable
 .text.startup._retrieve_unique_id_on_boot
                0x0000000010005584       0x10 CMakeFiles/main.dir/home/jim/pub/pico/pico-sdk/src/rp2_common/pico_unique_id/unique_id.c.obj
 .text.pico_get_unique_board_id_string
                0x0000000010005594      0x1bc CMakeFiles/main.dir/home/jim/pub/pico/pico-sdk/src/rp2_common/pico_unique_id/unique_id.c.obj
                0x0000000010005594                pico_get_unique_board_id_string
 .text.flash_get_unique_id
                0x0000000010005750       0x40 CMakeFiles/main.dir/home/jim/pub/pico/pico-sdk/src/rp2_common/hardware_flash/flash.c.obj
                0x0000000010005750                flash_get_unique_id
 .text.i2c_set_baudrate
                0x0000000010005790       0xc4 CMakeFiles/main.dir/home/jim/pub/pico/pico-sdk/src/rp2_common/hardware_i2c/i2c.c.obj
                0x0000000010005790                i2c_set_baudrate
 .text.i2c_init
                0x0000000010005854       0x54 CMakeFiles/main.dir/home/jim/pub/pico/pico-sdk/src/rp2_common/hardware_i2c/i2c.c.obj
                0x0000000010005854                i2c_init
 .text.i2c_set_slave_mode
                0x00000000100058a8       0x40 CMakeFiles/main.dir/home/jim/pub/pico/pico-sdk/src/rp2_common/hardware_i2c/i2c.c.obj
                0x00000000100058a8                i2c_set_slave_mode
 .text.i2c_slave_init
                0x00000000100058e8       0x5c CMakeFiles/main.dir/i2c_slave/i2c_slave.c.obj
                0x00000000100058e8                i2c_slave_init
 .text          0x0000000010005944       0x68 /usr/lib/gcc/arm-none-eabi/9.2.1/../../../arm-none-eabi/lib/thumb/v6-m/nofp/libc.a(lib_a-strlen-stub.o)
                0x0000000010005944                strlen
 *(.fini)
 .fini          0x00000000100059ac        0x4 /usr/lib/gcc/arm-none-eabi/9.2.1/thumb/v6-m/nofp/crti.o
                0x00000000100059ac                _fini
 .fini.__stub   0x00000000100059b0       0x60 linker stubs
 *crtbegin.o(.ctors)
 *crtbegin?.o(.ctors)
 *(EXCLUDE_FILE(*crtend.o *crtend?.o) .ctors)
 *(SORT_BY_NAME(.ctors.*))
 *(.ctors)
 *crtbegin.o(.dtors)
 *crtbegin?.o(.dtors)
 *(EXCLUDE_FILE(*crtend.o *crtend?.o) .dtors)
 *(SORT_BY_NAME(.dtors.*))
 *(.dtors)
 *(.eh_frame*)
 .eh_frame      0x0000000010005a10        0x0 /usr/lib/gcc/arm-none-eabi/9.2.1/thumb/v6-m/nofp/crtbegin.o
                0x0000000010005a10                . = ALIGN (0x4)

.glue_7         0x0000000010005a10        0x0
 .glue_7        0x0000000010005a10        0x0 linker stubs

.glue_7t        0x0000000010005a10        0x0
 .glue_7t       0x0000000010005a10        0x0 linker stubs

.vfp11_veneer   0x0000000010005a10        0x0
 .vfp11_veneer  0x0000000010005a10        0x0 linker stubs

.v4_bx          0x0000000010005a10        0x0
 .v4_bx         0x0000000010005a10        0x0 linker stubs

.iplt           0x0000000010005a10        0x0
 .iplt          0x0000000010005a10        0x0 /usr/lib/gcc/arm-none-eabi/9.2.1/thumb/v6-m/nofp/crtbegin.o

.rodata         0x0000000010005a10      0x484
 *(EXCLUDE_FILE(*libm.a: *libc.a:*lib_a-mem*.o *libgcc.a:) .rodata*)
 .rodata.i2c_slave_handler
                0x0000000010005a10       0x38 CMakeFiles/main.dir/main.c.obj
 .rodata.main   0x0000000010005a48       0x3c CMakeFiles/main.dir/main.c.obj
 .rodata.str1.4
                0x0000000010005a84       0x49 CMakeFiles/main.dir/main.c.obj
 *fill*         0x0000000010005acd        0x3 
 .rodata.__bi_100.6334
                0x0000000010005ad0        0xc CMakeFiles/main.dir/main.c.obj
 .rodata.__bi_101.6337
                0x0000000010005adc        0xc CMakeFiles/main.dir/main.c.obj
 .rodata.cutoff.6388
                0x0000000010005ae8       0xc0 CMakeFiles/main.dir/main.c.obj
 .rodata.spin_lock_claim_unused.str1.4
                0x0000000010005ba8       0x1b CMakeFiles/main.dir/home/jim/pub/pico/pico-sdk/src/rp2_common/hardware_sync/sync.c.obj
 *fill*         0x0000000010005bc3        0x1 
 .rodata.hardware_alarm_claim.str1.4
                0x0000000010005bc4       0x22 CMakeFiles/main.dir/home/jim/pub/pico/pico-sdk/src/rp2_common/hardware_timer/timer.c.obj
 *fill*         0x0000000010005be6        0x2 
 .rodata.panic.str1.4
                0x0000000010005be8       0x12 CMakeFiles/main.dir/home/jim/pub/pico/pico-sdk/src/rp2_common/pico_runtime/runtime.c.obj
 *fill*         0x0000000010005bfa        0x2 
 .rodata.hard_assertion_failure.str1.4
                0x0000000010005bfc        0xc CMakeFiles/main.dir/home/jim/pub/pico/pico-sdk/src/rp2_common/pico_runtime/runtime.c.obj
 .rodata.str1.4
                0x0000000010005c08       0x3c CMakeFiles/main.dir/home/jim/pub/pico/pico-sdk/src/rp2_common/pico_standard_link/binary_info.c.obj
 .rodata.__bi_44
                0x0000000010005c44        0xc CMakeFiles/main.dir/home/jim/pub/pico/pico-sdk/src/rp2_common/pico_standard_link/binary_info.c.obj
 .rodata.__bi_75
                0x0000000010005c50        0xc CMakeFiles/main.dir/home/jim/pub/pico/pico-sdk/src/rp2_common/pico_standard_link/binary_info.c.obj
 .rodata.__bi_81
                0x0000000010005c5c        0xc CMakeFiles/main.dir/home/jim/pub/pico/pico-sdk/src/rp2_common/pico_standard_link/binary_info.c.obj
 .rodata.crlf_str.6056
                0x0000000010005c68        0x2 CMakeFiles/main.dir/home/jim/pub/pico/pico-sdk/src/rp2_common/pico_stdio/stdio.c.obj
 *fill*         0x0000000010005c6a        0x2 
 .rodata.str1.4
                0x0000000010005c6c       0x2c CMakeFiles/main.dir/home/jim/pub/pico/pico-sdk/src/rp2_common/pico_stdio_uart/stdio_uart.c.obj
 .rodata.__bi_28.4750
                0x0000000010005c98        0xc CMakeFiles/main.dir/home/jim/pub/pico/pico-sdk/src/rp2_common/pico_stdio_uart/stdio_uart.c.obj
 .rodata.__bi_29.4754
                0x0000000010005ca4        0x8 CMakeFiles/main.dir/home/jim/pub/pico/pico-sdk/src/rp2_common/pico_stdio_uart/stdio_uart.c.obj
 .rodata._resetd_driver
                0x0000000010005cac       0x18 CMakeFiles/main.dir/home/jim/pub/pico/pico-sdk/src/rp2_common/pico_stdio_usb/reset_interface.c.obj
 .rodata.str1.4
                0x0000000010005cc4       0x13 CMakeFiles/main.dir/home/jim/pub/pico/pico-sdk/src/rp2_common/pico_stdio_usb/stdio_usb.c.obj
 *fill*         0x0000000010005cd7        0x1 
 .rodata.__bi_93.7182
                0x0000000010005cd8        0xc CMakeFiles/main.dir/home/jim/pub/pico/pico-sdk/src/rp2_common/pico_stdio_usb/stdio_usb.c.obj
 .rodata.str1.4
                0x0000000010005ce4       0x2a CMakeFiles/main.dir/home/jim/pub/pico/pico-sdk/src/rp2_common/pico_stdio_usb/stdio_usb_descriptors.c.obj
 *fill*         0x0000000010005d0e        0x2 
 .rodata.usbd_desc_cfg
                0x0000000010005d10       0x54 CMakeFiles/main.dir/home/jim/pub/pico/pico-sdk/src/rp2_common/pico_stdio_usb/stdio_usb_descriptors.c.obj
 .rodata.usbd_desc_device
                0x0000000010005d64       0x12 CMakeFiles/main.dir/home/jim/pub/pico/pico-sdk/src/rp2_common/pico_stdio_usb/stdio_usb_descriptors.c.obj
 *fill*         0x0000000010005d76        0x2 
 .rodata.usbd_desc_str
                0x0000000010005d78       0x18 CMakeFiles/main.dir/home/jim/pub/pico/pico-sdk/src/rp2_common/pico_stdio_usb/stdio_usb_descriptors.c.obj
 .rodata.dcd_rp2040_irq.str1.4
                0x0000000010005d90       0x14 CMakeFiles/main.dir/home/jim/pub/pico/pico-sdk/lib/tinyusb/src/portable/raspberrypi/rp2040/dcd_rp2040.c.obj
 .rodata._hw_endpoint_buffer_control_update32.part.0.str1.4
                0x0000000010005da4       0x1f CMakeFiles/main.dir/home/jim/pub/pico/pico-sdk/lib/tinyusb/src/portable/raspberrypi/rp2040/rp2040_usb.c.obj
 *fill*         0x0000000010005dc3        0x1 
 .rodata.hw_endpoint_xfer_continue.str1.4
                0x0000000010005dc4       0x29 CMakeFiles/main.dir/home/jim/pub/pico/pico-sdk/lib/tinyusb/src/portable/raspberrypi/rp2040/rp2040_usb.c.obj
 .rodata.str1.4
                0x0000000010005ded       0x29 CMakeFiles/main.dir/home/jim/pub/pico/pico-sdk/lib/tinyusb/src/portable/raspberrypi/rp2040/rp2040_usb.c.obj
                                          0x7 (size before relaxing)
 *fill*         0x0000000010005ded        0x3 
 .rodata.tud_task
                0x0000000010005df0       0x8c CMakeFiles/main.dir/home/jim/pub/pico/pico-sdk/lib/tinyusb/src/device/usbd.c.obj
 .rodata._usbd_driver
                0x0000000010005e7c       0x18 CMakeFiles/main.dir/home/jim/pub/pico/pico-sdk/lib/tinyusb/src/device/usbd.c.obj
                0x0000000010005e94                . = ALIGN (0x4)
 *(SORT_BY_ALIGNMENT(SORT_BY_NAME(.flashdata*)))
                0x0000000010005e94                . = ALIGN (0x4)

.rel.dyn        0x0000000010005e94        0x0
 .rel.iplt      0x0000000010005e94        0x0 /usr/lib/gcc/arm-none-eabi/9.2.1/thumb/v6-m/nofp/crtbegin.o

.ARM.extab
 *(.ARM.extab* .gnu.linkonce.armextab.*)
                0x0000000010005e94                __exidx_start = .

.ARM.exidx
 *(.ARM.exidx* .gnu.linkonce.armexidx.*)
                0x0000000010005e94                __exidx_end = .
                0x0000000010005e94                . = ALIGN (0x4)
                0x0000000010005e94                __binary_info_start = .

.binary_info    0x0000000010005e94       0x30
 *(.binary_info.keep.*)
 .binary_info.keep.__bi_ptr100
                0x0000000010005e94        0x4 CMakeFiles/main.dir/main.c.obj
 .binary_info.keep.__bi_ptr101
                0x0000000010005e98        0x4 CMakeFiles/main.dir/main.c.obj
 .binary_info.keep.__bi_ptr22
                0x0000000010005e9c        0x4 CMakeFiles/main.dir/home/jim/pub/pico/pico-sdk/src/rp2_common/pico_standard_link/binary_info.c.obj
 .binary_info.keep.__bi_ptr30
                0x0000000010005ea0        0x4 CMakeFiles/main.dir/home/jim/pub/pico/pico-sdk/src/rp2_common/pico_standard_link/binary_info.c.obj
 .binary_info.keep.__bi_ptr38
                0x0000000010005ea4        0x4 CMakeFiles/main.dir/home/jim/pub/pico/pico-sdk/src/rp2_common/pico_standard_link/binary_info.c.obj
 .binary_info.keep.__bi_ptr44
                0x0000000010005ea8        0x4 CMakeFiles/main.dir/home/jim/pub/pico/pico-sdk/src/rp2_common/pico_standard_link/binary_info.c.obj
 .binary_info.keep.__bi_ptr50
                0x0000000010005eac        0x4 CMakeFiles/main.dir/home/jim/pub/pico/pico-sdk/src/rp2_common/pico_standard_link/binary_info.c.obj
 .binary_info.keep.__bi_ptr75
                0x0000000010005eb0        0x4 CMakeFiles/main.dir/home/jim/pub/pico/pico-sdk/src/rp2_common/pico_standard_link/binary_info.c.obj
 .binary_info.keep.__bi_ptr81
                0x0000000010005eb4        0x4 CMakeFiles/main.dir/home/jim/pub/pico/pico-sdk/src/rp2_common/pico_standard_link/binary_info.c.obj
 *(.binary_info.*)
 .binary_info.__bi_ptr28
                0x0000000010005eb8        0x4 CMakeFiles/main.dir/home/jim/pub/pico/pico-sdk/src/rp2_common/pico_stdio_uart/stdio_uart.c.obj
 .binary_info.__bi_ptr29
                0x0000000010005ebc        0x4 CMakeFiles/main.dir/home/jim/pub/pico/pico-sdk/src/rp2_common/pico_stdio_uart/stdio_uart.c.obj
 .binary_info.__bi_ptr93
                0x0000000010005ec0        0x4 CMakeFiles/main.dir/home/jim/pub/pico/pico-sdk/src/rp2_common/pico_stdio_usb/stdio_usb.c.obj
                0x0000000010005ec4                __binary_info_end = .
                0x0000000010005ec4                . = ALIGN (0x4)
                0x0000000010005ec4                __etext = .

.ram_vector_table
                0x0000000020000000       0xc0
 *(.ram_vector_table)
 .ram_vector_table
                0x0000000020000000       0xc0 CMakeFiles/main.dir/home/jim/pub/pico/pico-sdk/src/rp2_common/pico_runtime/runtime.c.obj
                0x0000000020000000                ram_vector_table

.data           0x00000000200000c0      0x524 load address 0x0000000010005ec4
                0x00000000200000c0                __data_start__ = .
 *(vtable)
 *(.time_critical*)
 .time_critical.mutex_enter_blocking
                0x00000000200000c0       0x48 CMakeFiles/main.dir/home/jim/pub/pico/pico-sdk/src/common/pico_sync/mutex.c.obj
                0x00000000200000c0                mutex_enter_blocking
 .time_critical.mutex_try_enter
                0x0000000020000108       0x48 CMakeFiles/main.dir/home/jim/pub/pico/pico-sdk/src/common/pico_sync/mutex.c.obj
                0x0000000020000108                mutex_try_enter
 .time_critical.mutex_enter_timeout_ms
                0x0000000020000150       0x98 CMakeFiles/main.dir/home/jim/pub/pico/pico-sdk/src/common/pico_sync/mutex.c.obj
                0x0000000020000150                mutex_enter_timeout_ms
 .time_critical.mutex_exit
                0x00000000200001e8       0x28 CMakeFiles/main.dir/home/jim/pub/pico/pico-sdk/src/common/pico_sync/mutex.c.obj
                0x00000000200001e8                mutex_exit
 .time_critical.flash_init_boot2_copyout
                0x0000000020000210       0x30 CMakeFiles/main.dir/home/jim/pub/pico/pico-sdk/src/rp2_common/hardware_flash/flash.c.obj
 .time_critical.flash_enable_xip_via_boot2
                0x0000000020000240       0x10 CMakeFiles/main.dir/home/jim/pub/pico/pico-sdk/src/rp2_common/hardware_flash/flash.c.obj
 .time_critical.flash_cs_force
                0x0000000020000250       0x38 CMakeFiles/main.dir/home/jim/pub/pico/pico-sdk/src/rp2_common/hardware_flash/flash.c.obj
 .time_critical.flash_do_cmd
                0x0000000020000288       0xc4 CMakeFiles/main.dir/home/jim/pub/pico/pico-sdk/src/rp2_common/hardware_flash/flash.c.obj
                0x0000000020000288                flash_do_cmd
 .time_critical.i2c0_slave_irq_handler
                0x000000002000034c       0xa0 CMakeFiles/main.dir/i2c_slave/i2c_slave.c.obj
 .time_critical.i2c1_slave_irq_handler
                0x00000000200003ec       0xa0 CMakeFiles/main.dir/i2c_slave/i2c_slave.c.obj
 *(.text*)
 .text          0x000000002000048c        0x4 /usr/lib/gcc/arm-none-eabi/9.2.1/thumb/v6-m/nofp/libgcc.a(_dvmd_tls.o)
                0x000000002000048c                __aeabi_ldiv0
                0x000000002000048c                __aeabi_idiv0
 .text.__stub   0x0000000020000490       0x30 linker stubs
                0x00000000200004c0                . = ALIGN (0x4)
 *(.rodata*)
                0x00000000200004c0                . = ALIGN (0x4)
 *(.data*)
 .data.i2c_regs_control.6344
                0x00000000200004c0        0x1 CMakeFiles/main.dir/main.c.obj
 .data.index.6387
                0x00000000200004c1        0x1 CMakeFiles/main.dir/main.c.obj
 .data.striped_spin_lock_num
                0x00000000200004c2        0x1 CMakeFiles/main.dir/home/jim/pub/pico/pico-sdk/src/rp2_common/hardware_sync/sync.c.obj
 *fill*         0x00000000200004c3        0x1 
 .data.default_alarm_pool
                0x00000000200004c4       0x18 CMakeFiles/main.dir/home/jim/pub/pico/pico-sdk/src/common/pico_time/time.c.obj
 .data.default_alarm_pool_heap
                0x00000000200004dc       0x10 CMakeFiles/main.dir/home/jim/pub/pico/pico-sdk/src/common/pico_time/time.c.obj
 .data          0x00000000200004ec       0x48 CMakeFiles/main.dir/home/jim/pub/pico/pico-sdk/src/rp2_common/hardware_irq/irq_handler_chain.S.obj
                0x00000000200004ec                irq_handler_chain_slots
                0x000000002000051c                irq_handler_chain_first_slot
                0x0000000020000526                irq_handler_chain_remove_tail
 *fill*         0x0000000020000534        0xc 
 .data.aeabi_bits_funcs
                0x0000000020000540       0x10 CMakeFiles/main.dir/home/jim/pub/pico/pico-sdk/src/rp2_common/pico_bit_ops/bit_ops_aeabi.S.obj
                0x0000000020000540                aeabi_bits_funcs
                0x0000000020000550                aeabi_bits_funcs_end
 .data.aeabi_mem_funcs
                0x0000000020000550       0x10 CMakeFiles/main.dir/home/jim/pub/pico/pico-sdk/src/rp2_common/pico_mem_ops/mem_ops_aeabi.S.obj
                0x0000000020000550                aeabi_mem_funcs
                0x0000000020000560                aeabi_mem_funcs_end
 .data.stdio_uart
                0x0000000020000560       0x14 CMakeFiles/main.dir/home/jim/pub/pico/pico-sdk/src/rp2_common/pico_stdio_uart/stdio_uart.c.obj
                0x0000000020000560                stdio_uart
 .data.stdio_usb
                0x0000000020000574       0x14 CMakeFiles/main.dir/home/jim/pub/pico/pico-sdk/src/rp2_common/pico_stdio_usb/stdio_usb.c.obj
                0x0000000020000574                stdio_usb
 .data.ep_dir_string
                0x0000000020000588        0x8 CMakeFiles/main.dir/home/jim/pub/pico/pico-sdk/lib/tinyusb/src/portable/raspberrypi/rp2040/rp2040_usb.c.obj
                0x0000000020000588                ep_dir_string
 .data._usbd_qdef
                0x0000000020000590       0x24 CMakeFiles/main.dir/home/jim/pub/pico/pico-sdk/lib/tinyusb/src/device/usbd.c.obj
                0x0000000020000590                _usbd_qdef
 .data.i2c0_inst
                0x00000000200005b4        0x8 CMakeFiles/main.dir/home/jim/pub/pico/pico-sdk/src/rp2_common/hardware_i2c/i2c.c.obj
                0x00000000200005b4                i2c0_inst
 .data.i2c1_inst
                0x00000000200005bc        0x8 CMakeFiles/main.dir/home/jim/pub/pico/pico-sdk/src/rp2_common/hardware_i2c/i2c.c.obj
                0x00000000200005bc                i2c1_inst
                0x00000000200005c4                . = ALIGN (0x4)
 *(.after_data.*)
                0x00000000200005c4                . = ALIGN (0x4)
                0x00000000200005c4                PROVIDE (__mutex_array_start = .)
 *(SORT_BY_NAME(.mutex_array.*))
 *(.mutex_array)
 .mutex_array   0x00000000200005c4        0x8 CMakeFiles/main.dir/home/jim/pub/pico/pico-sdk/src/rp2_common/pico_stdio/stdio.c.obj
                0x00000000200005cc                PROVIDE (__mutex_array_end = .)
                0x00000000200005cc                . = ALIGN (0x4)
                0x00000000200005cc                PROVIDE (__preinit_array_start = .)
 *(SORT_BY_NAME(.preinit_array.*))
 .preinit_array.00001
                0x00000000200005cc        0x4 CMakeFiles/main.dir/home/jim/pub/pico/pico-sdk/src/rp2_common/pico_mem_ops/mem_ops_aeabi.S.obj
 .preinit_array.00010
                0x00000000200005d0        0x4 CMakeFiles/main.dir/home/jim/pub/pico/pico-sdk/src/rp2_common/pico_bit_ops/bit_ops_aeabi.S.obj
 .preinit_array.00020
                0x00000000200005d4        0x4 CMakeFiles/main.dir/home/jim/pub/pico/pico-sdk/src/rp2_common/pico_double/double_aeabi.S.obj
 .preinit_array.00020
                0x00000000200005d8        0x4 CMakeFiles/main.dir/home/jim/pub/pico/pico-sdk/src/rp2_common/pico_float/float_aeabi.S.obj
 *(.preinit_array)
                0x00000000200005dc                PROVIDE (__preinit_array_end = .)
                0x00000000200005dc                . = ALIGN (0x4)
                0x00000000200005dc                PROVIDE (__init_array_start = .)
 *(SORT_BY_NAME(.init_array.*))
 *(.init_array)
 .init_array    0x00000000200005dc        0x4 /usr/lib/gcc/arm-none-eabi/9.2.1/thumb/v6-m/nofp/crtbegin.o
 .init_array    0x00000000200005e0        0x4 CMakeFiles/main.dir/home/jim/pub/pico/pico-sdk/src/rp2_common/pico_unique_id/unique_id.c.obj
                0x00000000200005e4                PROVIDE (__init_array_end = .)
                0x00000000200005e4                . = ALIGN (0x4)
                0x00000000200005e4                PROVIDE (__fini_array_start = .)
 *(SORT_BY_NAME(.fini_array.*))
 *(.fini_array)
                0x00000000200005e4                PROVIDE (__fini_array_end = .)
 *(.jcr)
                0x00000000200005e4                . = ALIGN (0x4)
                0x00000000200005e4                __data_end__ = .

.tm_clone_table
                0x00000000200005e4        0x0 load address 0x00000000100063e8
 .tm_clone_table
                0x00000000200005e4        0x0 /usr/lib/gcc/arm-none-eabi/9.2.1/thumb/v6-m/nofp/crtbegin.o
 .tm_clone_table
                0x00000000200005e4        0x0 /usr/lib/gcc/arm-none-eabi/9.2.1/thumb/v6-m/nofp/crtend.o

.igot.plt       0x00000000200005e4        0x0 load address 0x00000000100063e8
 .igot.plt      0x00000000200005e4        0x0 /usr/lib/gcc/arm-none-eabi/9.2.1/thumb/v6-m/nofp/crtbegin.o

.uninitialized_data
                0x00000000200005e4        0x0 load address 0x00000000100063e8
                0x00000000200005e4                . = ALIGN (0x4)
 *(.uninitialized_data*)

.scratch_x      0x0000000020040000        0x0 load address 0x00000000100063e8
                0x0000000020040000                __scratch_x_start__ = .
 *(.scratch_x.*)
                0x0000000020040000                . = ALIGN (0x4)
                0x0000000020040000                __scratch_x_end__ = .
                0x00000000100063e8                __scratch_x_source__ = LOADADDR (.scratch_x)

.scratch_y      0x0000000020041000        0x0 load address 0x00000000100063e8
                0x0000000020041000                __scratch_y_start__ = .
 *(.scratch_y.*)
                0x0000000020041000                . = ALIGN (0x4)
                0x0000000020041000                __scratch_y_end__ = .
                0x00000000100063e8                __scratch_y_source__ = LOADADDR (.scratch_y)

.bss            0x00000000200005e8      0xddc
                0x00000000200005e8                . = ALIGN (0x4)
                0x00000000200005e8                __bss_start__ = .
 *(SORT_BY_ALIGNMENT(SORT_BY_NAME(.bss*)))
 .bss.current_tx_freq
                0x00000000200005e8        0x8 CMakeFiles/main.dir/main.c.obj
 .bss.default_alarm_pool_entries
                0x00000000200005f0      0x100 CMakeFiles/main.dir/home/jim/pub/pico/pico-sdk/src/common/pico_time/time.c.obj
 .bss.last_avail_time.7161
                0x00000000200006f0        0x8 CMakeFiles/main.dir/home/jim/pub/pico/pico-sdk/src/rp2_common/pico_stdio_usb/stdio_usb.c.obj
 .bss.led_timer.6332
                0x00000000200006f8       0x18 CMakeFiles/main.dir/main.c.obj
 .bss.new_tx_freq
                0x0000000020000710        0x8 CMakeFiles/main.dir/main.c.obj
 .bss           0x0000000020000718       0x1c /usr/lib/gcc/arm-none-eabi/9.2.1/thumb/v6-m/nofp/crtbegin.o
 .bss._app_driver
                0x0000000020000734        0x4 CMakeFiles/main.dir/home/jim/pub/pico/pico-sdk/lib/tinyusb/src/device/usbd.c.obj
 .bss._callbacks
                0x0000000020000738        0x8 CMakeFiles/main.dir/home/jim/pub/pico/pico-sdk/src/rp2_common/hardware_gpio/gpio.c.obj
 .bss._cdcd_itf
                0x0000000020000740      0x2d8 CMakeFiles/main.dir/home/jim/pub/pico/pico-sdk/lib/tinyusb/src/class/cdc/cdc_device.c.obj
 .bss._ctrl_xfer
                0x0000000020000a18       0x14 CMakeFiles/main.dir/home/jim/pub/pico/pico-sdk/lib/tinyusb/src/device/usbd_control.c.obj
 .bss._ubsd_mutexdef
                0x0000000020000a2c        0x8 CMakeFiles/main.dir/home/jim/pub/pico/pico-sdk/lib/tinyusb/src/device/usbd.c.obj
 .bss._usbd_ctrl_buf
                0x0000000020000a34       0x40 CMakeFiles/main.dir/home/jim/pub/pico/pico-sdk/lib/tinyusb/src/device/usbd_control.c.obj
 .bss._usbd_dev
                0x0000000020000a74       0x53 CMakeFiles/main.dir/home/jim/pub/pico/pico-sdk/lib/tinyusb/src/device/usbd.c.obj
 *fill*         0x0000000020000ac7        0x1 
 .bss._usbd_mutex
                0x0000000020000ac8        0x4 CMakeFiles/main.dir/home/jim/pub/pico/pico-sdk/lib/tinyusb/src/device/usbd.c.obj
 .bss._usbd_q   0x0000000020000acc        0x4 CMakeFiles/main.dir/home/jim/pub/pico/pico-sdk/lib/tinyusb/src/device/usbd.c.obj
 .bss.alarm_callbacks
                0x0000000020000ad0       0x10 CMakeFiles/main.dir/home/jim/pub/pico/pico-sdk/src/rp2_common/hardware_timer/timer.c.obj
 .bss.boot2_copyout
                0x0000000020000ae0      0x100 CMakeFiles/main.dir/home/jim/pub/pico/pico-sdk/src/rp2_common/hardware_flash/flash.c.obj
 .bss.claimed   0x0000000020000be0        0x4 CMakeFiles/main.dir/home/jim/pub/pico/pico-sdk/src/rp2_common/hardware_sync/sync.c.obj
 .bss.configured_freq
                0x0000000020000be4       0x28 CMakeFiles/main.dir/home/jim/pub/pico/pico-sdk/src/rp2_common/hardware_clocks/clocks.c.obj
 .bss.default_alarm_pool_entry_ids_high
                0x0000000020000c0c       0x10 CMakeFiles/main.dir/home/jim/pub/pico/pico-sdk/src/common/pico_time/time.c.obj
 .bss.default_alarm_pool_heap_nodes
                0x0000000020000c1c       0x30 CMakeFiles/main.dir/home/jim/pub/pico/pico-sdk/src/common/pico_time/time.c.obj
 .bss.desc_str.7060
                0x0000000020000c4c       0x28 CMakeFiles/main.dir/home/jim/pub/pico/pico-sdk/src/rp2_common/pico_stdio_usb/stdio_usb_descriptors.c.obj
 .bss.drivers   0x0000000020000c74        0x4 CMakeFiles/main.dir/home/jim/pub/pico/pico-sdk/src/rp2_common/pico_stdio/stdio.c.obj
 .bss.filter    0x0000000020000c78        0x4 CMakeFiles/main.dir/home/jim/pub/pico/pico-sdk/src/rp2_common/pico_stdio/stdio.c.obj
 .bss.hw_endpoints
                0x0000000020000c7c      0x400 CMakeFiles/main.dir/home/jim/pub/pico/pico-sdk/lib/tinyusb/src/portable/raspberrypi/rp2040/dcd_rp2040.c.obj
 .bss.i2c_slaves
                0x000000002000107c       0x18 CMakeFiles/main.dir/i2c_slave/i2c_slave.c.obj
 .bss.lazy_vsnprintf
                0x0000000020001094        0x4 CMakeFiles/main.dir/home/jim/pub/pico/pico-sdk/src/rp2_common/pico_printf/printf.c.obj
 .bss.load_value
                0x0000000020001098        0x4 CMakeFiles/main.dir/home/jim/pub/pico/pico-sdk/src/rp2_common/hardware_watchdog/watchdog.c.obj
 .bss.next_buffer_ptr
                0x000000002000109c        0x4 CMakeFiles/main.dir/home/jim/pub/pico/pico-sdk/lib/tinyusb/src/portable/raspberrypi/rp2040/dcd_rp2040.c.obj
 .bss.pools     0x00000000200010a0       0x10 CMakeFiles/main.dir/home/jim/pub/pico/pico-sdk/src/common/pico_time/time.c.obj
 .bss.retrieved_id
                0x00000000200010b0        0x8 CMakeFiles/main.dir/home/jim/pub/pico/pico-sdk/src/rp2_common/pico_unique_id/unique_id.c.obj
 .bss.sf_clz_func
                0x00000000200010b8        0x4 CMakeFiles/main.dir/home/jim/pub/pico/pico-sdk/src/rp2_common/pico_double/double_init_rom.c.obj
                0x00000000200010b8                sf_clz_func
 .bss.sleep_notifier
                0x00000000200010bc        0x4 CMakeFiles/main.dir/home/jim/pub/pico/pico-sdk/src/common/pico_time/time.c.obj
 .bss.stdio_usb_mutex
                0x00000000200010c0        0x8 CMakeFiles/main.dir/home/jim/pub/pico/pico-sdk/src/rp2_common/pico_stdio_usb/stdio_usb.c.obj
 .bss.target_hi
                0x00000000200010c8       0x10 CMakeFiles/main.dir/home/jim/pub/pico/pico-sdk/src/rp2_common/hardware_timer/timer.c.obj
 .bss.uart_instance
                0x00000000200010d8        0x4 CMakeFiles/main.dir/home/jim/pub/pico/pico-sdk/src/rp2_common/pico_stdio_uart/stdio_uart.c.obj
 .bss.usbd_serial_str
                0x00000000200010dc       0x11 CMakeFiles/main.dir/home/jim/pub/pico/pico-sdk/src/rp2_common/pico_stdio_usb/stdio_usb_descriptors.c.obj
 .bss.Exttr_enabled.6348
                0x00000000200010ed        0x1 CMakeFiles/main.dir/main.c.obj
 .bss._app_driver_count
                0x00000000200010ee        0x1 CMakeFiles/main.dir/home/jim/pub/pico/pico-sdk/lib/tinyusb/src/device/usbd.c.obj
 .bss._usbd_initialized
                0x00000000200010ef        0x1 CMakeFiles/main.dir/home/jim/pub/pico/pico-sdk/lib/tinyusb/src/device/usbd.c.obj
 .bss.boot2_copyout_valid
                0x00000000200010f0        0x1 CMakeFiles/main.dir/home/jim/pub/pico/pico-sdk/src/rp2_common/hardware_flash/flash.c.obj
 .bss.buffer0.6351
                0x00000000200010f1        0x1 CMakeFiles/main.dir/main.c.obj
 .bss.buffer1.6352
                0x00000000200010f2        0x1 CMakeFiles/main.dir/main.c.obj
 .bss.buffer2.6353
                0x00000000200010f3        0x1 CMakeFiles/main.dir/main.c.obj
 .bss.buffer3.6354
                0x00000000200010f4        0x1 CMakeFiles/main.dir/main.c.obj
 .bss.claimed   0x00000000200010f5        0x1 CMakeFiles/main.dir/home/jim/pub/pico/pico-sdk/src/rp2_common/hardware_timer/timer.c.obj
 .bss.counter.6383
                0x00000000200010f6        0x1 CMakeFiles/main.dir/main.c.obj
 .bss.fan_enabled.6347
                0x00000000200010f7        0x1 CMakeFiles/main.dir/main.c.obj
 .bss.i2c_control_valid.6345
                0x00000000200010f8        0x1 CMakeFiles/main.dir/main.c.obj
 .bss.i2c_request_index.6346
                0x00000000200010f9        0x1 CMakeFiles/main.dir/main.c.obj
 .bss.i2c_traffic
                0x00000000200010fa        0x1 CMakeFiles/main.dir/main.c.obj
 .bss.irq_hander_chain_free_slot_head
                0x00000000200010fb        0x1 CMakeFiles/main.dir/home/jim/pub/pico/pico-sdk/src/rp2_common/hardware_irq/irq.c.obj
 .bss.itf_num   0x00000000200010fc        0x1 CMakeFiles/main.dir/home/jim/pub/pico/pico-sdk/src/rp2_common/pico_stdio_usb/reset_interface.c.obj
 .bss.rx_input_usage
                0x00000000200010fd        0x1 CMakeFiles/main.dir/main.c.obj
 .bss.timer_callbacks_pending
                0x00000000200010fe        0x1 CMakeFiles/main.dir/home/jim/pub/pico/pico-sdk/src/rp2_common/hardware_timer/timer.c.obj
 *(COMMON)
 *fill*         0x00000000200010ff        0x1 
 COMMON         0x0000000020001100        0x4 CMakeFiles/main.dir/home/jim/pub/pico/pico-sdk/src/rp2_common/hardware_uart/uart.c.obj
                0x0000000020001100                uart_char_to_line_feed
 COMMON         0x0000000020001104      0x100 CMakeFiles/main.dir/home/jim/pub/pico/pico-sdk/src/rp2_common/pico_double/double_init_rom.c.obj
                0x0000000020001104                sd_table
 COMMON         0x0000000020001204      0x100 CMakeFiles/main.dir/home/jim/pub/pico/pico-sdk/src/rp2_common/pico_float/float_init_rom.c.obj
                0x0000000020001204                sf_table
 COMMON         0x0000000020001304       0xc0 CMakeFiles/main.dir/home/jim/pub/pico/pico-sdk/lib/tinyusb/src/device/usbd.c.obj
                0x0000000020001304                _usbd_qdef_buf
                0x00000000200013c4                . = ALIGN (0x4)
                0x00000000200013c4                __bss_end__ = .

.heap           0x00000000200013c4      0x800
                0x00000000200013c4                __end__ = .
                0x00000000200013c4                end = __end__
 *(.heap*)
 .heap          0x00000000200013c4      0x800 CMakeFiles/main.dir/home/jim/pub/pico/pico-sdk/src/rp2_common/pico_standard_link/crt0.S.obj
                0x0000000020001bc4                __HeapLimit = .

.stack1_dummy   0x0000000020040000        0x0
 *(.stack1*)

.stack_dummy    0x0000000020041000      0x800
 *(.stack*)
 .stack         0x0000000020041000      0x800 CMakeFiles/main.dir/home/jim/pub/pico/pico-sdk/src/rp2_common/pico_standard_link/crt0.S.obj

.flash_end      0x00000000100063e8        0x0
                0x00000000100063e8                __flash_binary_end = .
                0x0000000020040000                __StackLimit = (ORIGIN (RAM) + LENGTH (RAM))
                0x0000000020041000                __StackOneTop = (ORIGIN (SCRATCH_X) + LENGTH (SCRATCH_X))
                0x0000000020042000                __StackTop = (ORIGIN (SCRATCH_Y) + LENGTH (SCRATCH_Y))
                0x0000000020041000                __StackOneBottom = (__StackOneTop - SIZEOF (.stack1_dummy))
                0x0000000020041800                __StackBottom = (__StackTop - SIZEOF (.stack_dummy))
                0x0000000020042000                PROVIDE (__stack = __StackTop)
                0x0000000000000001                ASSERT ((__StackLimit >= __HeapLimit), region RAM overflowed)
                0x0000000000000001                ASSERT (((__binary_info_header_end - __logical_binary_start) <= 0x100), Binary info must be in first 256 bytes of the binary)
LOAD CMakeFiles/main.dir/main.c.obj
LOAD CMakeFiles/main.dir/home/jim/pub/pico/pico-sdk/src/rp2_common/pico_stdlib/stdlib.c.obj
LOAD CMakeFiles/main.dir/home/jim/pub/pico/pico-sdk/src/rp2_common/hardware_gpio/gpio.c.obj
LOAD CMakeFiles/main.dir/home/jim/pub/pico/pico-sdk/src/rp2_common/hardware_claim/claim.c.obj
LOAD CMakeFiles/main.dir/home/jim/pub/pico/pico-sdk/src/rp2_common/pico_platform/platform.c.obj
LOAD CMakeFiles/main.dir/home/jim/pub/pico/pico-sdk/src/rp2_common/hardware_sync/sync.c.obj
LOAD CMakeFiles/main.dir/home/jim/pub/pico/pico-sdk/src/rp2_common/hardware_uart/uart.c.obj
LOAD CMakeFiles/main.dir/home/jim/pub/pico/pico-sdk/src/rp2_common/hardware_divider/divider.S.obj
LOAD CMakeFiles/main.dir/home/jim/pub/pico/pico-sdk/src/common/pico_time/time.c.obj
LOAD CMakeFiles/main.dir/home/jim/pub/pico/pico-sdk/src/common/pico_time/timeout_helper.c.obj
LOAD CMakeFiles/main.dir/home/jim/pub/pico/pico-sdk/src/rp2_common/hardware_timer/timer.c.obj
LOAD CMakeFiles/main.dir/home/jim/pub/pico/pico-sdk/src/common/pico_sync/sem.c.obj
LOAD CMakeFiles/main.dir/home/jim/pub/pico/pico-sdk/src/common/pico_sync/lock_core.c.obj
LOAD CMakeFiles/main.dir/home/jim/pub/pico/pico-sdk/src/common/pico_sync/mutex.c.obj
LOAD CMakeFiles/main.dir/home/jim/pub/pico/pico-sdk/src/common/pico_sync/critical_section.c.obj
LOAD CMakeFiles/main.dir/home/jim/pub/pico/pico-sdk/src/common/pico_util/datetime.c.obj
LOAD CMakeFiles/main.dir/home/jim/pub/pico/pico-sdk/src/common/pico_util/pheap.c.obj
LOAD CMakeFiles/main.dir/home/jim/pub/pico/pico-sdk/src/common/pico_util/queue.c.obj
LOAD CMakeFiles/main.dir/home/jim/pub/pico/pico-sdk/src/rp2_common/pico_runtime/runtime.c.obj
LOAD CMakeFiles/main.dir/home/jim/pub/pico/pico-sdk/src/rp2_common/hardware_clocks/clocks.c.obj
LOAD CMakeFiles/main.dir/home/jim/pub/pico/pico-sdk/src/rp2_common/hardware_irq/irq.c.obj
LOAD CMakeFiles/main.dir/home/jim/pub/pico/pico-sdk/src/rp2_common/hardware_irq/irq_handler_chain.S.obj
LOAD CMakeFiles/main.dir/home/jim/pub/pico/pico-sdk/src/rp2_common/hardware_pll/pll.c.obj
LOAD CMakeFiles/main.dir/home/jim/pub/pico/pico-sdk/src/rp2_common/hardware_vreg/vreg.c.obj
LOAD CMakeFiles/main.dir/home/jim/pub/pico/pico-sdk/src/rp2_common/hardware_watchdog/watchdog.c.obj
LOAD CMakeFiles/main.dir/home/jim/pub/pico/pico-sdk/src/rp2_common/hardware_xosc/xosc.c.obj
LOAD CMakeFiles/main.dir/home/jim/pub/pico/pico-sdk/src/rp2_common/pico_printf/printf.c.obj
LOAD CMakeFiles/main.dir/home/jim/pub/pico/pico-sdk/src/rp2_common/pico_bit_ops/bit_ops_aeabi.S.obj
LOAD CMakeFiles/main.dir/home/jim/pub/pico/pico-sdk/src/rp2_common/pico_bootrom/bootrom.c.obj
LOAD CMakeFiles/main.dir/home/jim/pub/pico/pico-sdk/src/rp2_common/pico_divider/divider.S.obj
LOAD CMakeFiles/main.dir/home/jim/pub/pico/pico-sdk/src/rp2_common/pico_double/double_aeabi.S.obj
LOAD CMakeFiles/main.dir/home/jim/pub/pico/pico-sdk/src/rp2_common/pico_double/double_init_rom.c.obj
LOAD CMakeFiles/main.dir/home/jim/pub/pico/pico-sdk/src/rp2_common/pico_double/double_math.c.obj
LOAD CMakeFiles/main.dir/home/jim/pub/pico/pico-sdk/src/rp2_common/pico_double/double_v1_rom_shim.S.obj
LOAD CMakeFiles/main.dir/home/jim/pub/pico/pico-sdk/src/rp2_common/pico_int64_ops/pico_int64_ops_aeabi.S.obj
LOAD CMakeFiles/main.dir/home/jim/pub/pico/pico-sdk/src/rp2_common/pico_float/float_aeabi.S.obj
LOAD CMakeFiles/main.dir/home/jim/pub/pico/pico-sdk/src/rp2_common/pico_float/float_init_rom.c.obj
LOAD CMakeFiles/main.dir/home/jim/pub/pico/pico-sdk/src/rp2_common/pico_float/float_math.c.obj
LOAD CMakeFiles/main.dir/home/jim/pub/pico/pico-sdk/src/rp2_common/pico_float/float_v1_rom_shim.S.obj
LOAD CMakeFiles/main.dir/home/jim/pub/pico/pico-sdk/src/rp2_common/pico_malloc/pico_malloc.c.obj
LOAD CMakeFiles/main.dir/home/jim/pub/pico/pico-sdk/src/rp2_common/pico_mem_ops/mem_ops_aeabi.S.obj
LOAD CMakeFiles/main.dir/home/jim/pub/pico/pico-sdk/src/rp2_common/pico_standard_link/crt0.S.obj
LOAD CMakeFiles/main.dir/home/jim/pub/pico/pico-sdk/src/rp2_common/pico_standard_link/new_delete.cpp.obj
LOAD CMakeFiles/main.dir/home/jim/pub/pico/pico-sdk/src/rp2_common/pico_standard_link/binary_info.c.obj
LOAD CMakeFiles/main.dir/home/jim/pub/pico/pico-sdk/src/rp2_common/pico_stdio/stdio.c.obj
LOAD CMakeFiles/main.dir/home/jim/pub/pico/pico-sdk/src/rp2_common/pico_stdio_uart/stdio_uart.c.obj
LOAD CMakeFiles/main.dir/home/jim/pub/pico/pico-sdk/src/rp2_common/pico_stdio_usb/reset_interface.c.obj
LOAD CMakeFiles/main.dir/home/jim/pub/pico/pico-sdk/src/rp2_common/pico_stdio_usb/stdio_usb.c.obj
LOAD CMakeFiles/main.dir/home/jim/pub/pico/pico-sdk/src/rp2_common/pico_stdio_usb/stdio_usb_descriptors.c.obj
LOAD CMakeFiles/main.dir/home/jim/pub/pico/pico-sdk/lib/tinyusb/src/portable/raspberrypi/rp2040/dcd_rp2040.c.obj
LOAD CMakeFiles/main.dir/home/jim/pub/pico/pico-sdk/lib/tinyusb/src/portable/raspberrypi/rp2040/rp2040_usb.c.obj
LOAD CMakeFiles/main.dir/home/jim/pub/pico/pico-sdk/lib/tinyusb/src/device/usbd.c.obj
LOAD CMakeFiles/main.dir/home/jim/pub/pico/pico-sdk/lib/tinyusb/src/device/usbd_control.c.obj
LOAD CMakeFiles/main.dir/home/jim/pub/pico/pico-sdk/lib/tinyusb/src/class/audio/audio_device.c.obj
LOAD CMakeFiles/main.dir/home/jim/pub/pico/pico-sdk/lib/tinyusb/src/class/cdc/cdc_device.c.obj
LOAD CMakeFiles/main.dir/home/jim/pub/pico/pico-sdk/lib/tinyusb/src/class/dfu/dfu_device.c.obj
LOAD CMakeFiles/main.dir/home/jim/pub/pico/pico-sdk/lib/tinyusb/src/class/dfu/dfu_rt_device.c.obj
LOAD CMakeFiles/main.dir/home/jim/pub/pico/pico-sdk/lib/tinyusb/src/class/hid/hid_device.c.obj
LOAD CMakeFiles/main.dir/home/jim/pub/pico/pico-sdk/lib/tinyusb/src/class/midi/midi_device.c.obj
LOAD CMakeFiles/main.dir/home/jim/pub/pico/pico-sdk/lib/tinyusb/src/class/msc/msc_device.c.obj
LOAD CMakeFiles/main.dir/home/jim/pub/pico/pico-sdk/lib/tinyusb/src/class/net/ecm_rndis_device.c.obj
LOAD CMakeFiles/main.dir/home/jim/pub/pico/pico-sdk/lib/tinyusb/src/class/net/ncm_device.c.obj
LOAD CMakeFiles/main.dir/home/jim/pub/pico/pico-sdk/lib/tinyusb/src/class/usbtmc/usbtmc_device.c.obj
LOAD CMakeFiles/main.dir/home/jim/pub/pico/pico-sdk/lib/tinyusb/src/class/vendor/vendor_device.c.obj
LOAD CMakeFiles/main.dir/home/jim/pub/pico/pico-sdk/lib/tinyusb/src/class/video/video_device.c.obj
LOAD CMakeFiles/main.dir/home/jim/pub/pico/pico-sdk/lib/tinyusb/src/tusb.c.obj
LOAD CMakeFiles/main.dir/home/jim/pub/pico/pico-sdk/lib/tinyusb/src/common/tusb_fifo.c.obj
LOAD CMakeFiles/main.dir/home/jim/pub/pico/pico-sdk/src/rp2_common/pico_fix/rp2040_usb_device_enumeration/rp2040_usb_device_enumeration.c.obj
LOAD CMakeFiles/main.dir/home/jim/pub/pico/pico-sdk/src/rp2_common/pico_unique_id/unique_id.c.obj
LOAD CMakeFiles/main.dir/home/jim/pub/pico/pico-sdk/src/rp2_common/hardware_flash/flash.c.obj
LOAD CMakeFiles/main.dir/home/jim/pub/pico/pico-sdk/src/rp2_common/hardware_i2c/i2c.c.obj
LOAD CMakeFiles/main.dir/i2c_slave/i2c_slave.c.obj
LOAD /tmp/ccopTu2W.o
LOAD /usr/lib/gcc/arm-none-eabi/9.2.1/../../../arm-none-eabi/lib/thumb/v6-m/nofp/libstdc++.a
LOAD /usr/lib/gcc/arm-none-eabi/9.2.1/../../../arm-none-eabi/lib/thumb/v6-m/nofp/libm.a
START GROUP
LOAD /usr/lib/gcc/arm-none-eabi/9.2.1/thumb/v6-m/nofp/libgcc.a
LOAD /usr/lib/gcc/arm-none-eabi/9.2.1/../../../arm-none-eabi/lib/thumb/v6-m/nofp/libc.a
END GROUP
START GROUP
LOAD /usr/lib/gcc/arm-none-eabi/9.2.1/thumb/v6-m/nofp/libgcc.a
LOAD /usr/lib/gcc/arm-none-eabi/9.2.1/../../../arm-none-eabi/lib/thumb/v6-m/nofp/libc.a
LOAD /usr/lib/gcc/arm-none-eabi/9.2.1/../../../arm-none-eabi/lib/thumb/v6-m/nofp/libnosys.a
END GROUP
LOAD /usr/lib/gcc/arm-none-eabi/9.2.1/thumb/v6-m/nofp/crtend.o
LOAD /usr/lib/gcc/arm-none-eabi/9.2.1/thumb/v6-m/nofp/crtn.o
OUTPUT(main.elf elf32-littlearm)
LOAD linker stubs

.ARM.attributes
                0x0000000000000000       0x28
 .ARM.attributes
                0x0000000000000000       0x1e /usr/lib/gcc/arm-none-eabi/9.2.1/thumb/v6-m/nofp/crti.o
 .ARM.attributes
                0x000000000000001e       0x2c /usr/lib/gcc/arm-none-eabi/9.2.1/thumb/v6-m/nofp/crtbegin.o
 .ARM.attributes
                0x000000000000004a       0x2c CMakeFiles/main.dir/main.c.obj
 .ARM.attributes
                0x0000000000000076       0x2c CMakeFiles/main.dir/home/jim/pub/pico/pico-sdk/src/rp2_common/hardware_gpio/gpio.c.obj
 .ARM.attributes
                0x00000000000000a2       0x2c CMakeFiles/main.dir/home/jim/pub/pico/pico-sdk/src/rp2_common/hardware_claim/claim.c.obj
 .ARM.attributes
                0x00000000000000ce       0x2c CMakeFiles/main.dir/home/jim/pub/pico/pico-sdk/src/rp2_common/pico_platform/platform.c.obj
 .ARM.attributes
                0x00000000000000fa       0x2c CMakeFiles/main.dir/home/jim/pub/pico/pico-sdk/src/rp2_common/hardware_sync/sync.c.obj
 .ARM.attributes
                0x0000000000000126       0x2c CMakeFiles/main.dir/home/jim/pub/pico/pico-sdk/src/rp2_common/hardware_uart/uart.c.obj
 .ARM.attributes
                0x0000000000000152       0x2c CMakeFiles/main.dir/home/jim/pub/pico/pico-sdk/src/common/pico_time/time.c.obj
 .ARM.attributes
                0x000000000000017e       0x2c CMakeFiles/main.dir/home/jim/pub/pico/pico-sdk/src/rp2_common/hardware_timer/timer.c.obj
 .ARM.attributes
                0x00000000000001aa       0x2c CMakeFiles/main.dir/home/jim/pub/pico/pico-sdk/src/common/pico_sync/lock_core.c.obj
 .ARM.attributes
                0x00000000000001d6       0x2c CMakeFiles/main.dir/home/jim/pub/pico/pico-sdk/src/common/pico_sync/mutex.c.obj
 .ARM.attributes
                0x0000000000000202       0x2c CMakeFiles/main.dir/home/jim/pub/pico/pico-sdk/src/common/pico_sync/critical_section.c.obj
 .ARM.attributes
                0x000000000000022e       0x2c CMakeFiles/main.dir/home/jim/pub/pico/pico-sdk/src/common/pico_util/pheap.c.obj
 .ARM.attributes
                0x000000000000025a       0x2c CMakeFiles/main.dir/home/jim/pub/pico/pico-sdk/src/rp2_common/pico_runtime/runtime.c.obj
 .ARM.attributes
                0x0000000000000286       0x2c CMakeFiles/main.dir/home/jim/pub/pico/pico-sdk/src/rp2_common/hardware_clocks/clocks.c.obj
 .ARM.attributes
                0x00000000000002b2       0x2c CMakeFiles/main.dir/home/jim/pub/pico/pico-sdk/src/rp2_common/hardware_irq/irq.c.obj
 .ARM.attributes
                0x00000000000002de       0x22 CMakeFiles/main.dir/home/jim/pub/pico/pico-sdk/src/rp2_common/hardware_irq/irq_handler_chain.S.obj
 .ARM.attributes
                0x0000000000000300       0x2c CMakeFiles/main.dir/home/jim/pub/pico/pico-sdk/src/rp2_common/hardware_pll/pll.c.obj
 .ARM.attributes
                0x000000000000032c       0x2c CMakeFiles/main.dir/home/jim/pub/pico/pico-sdk/src/rp2_common/hardware_watchdog/watchdog.c.obj
 .ARM.attributes
                0x0000000000000358       0x2c CMakeFiles/main.dir/home/jim/pub/pico/pico-sdk/src/rp2_common/hardware_xosc/xosc.c.obj
 .ARM.attributes
                0x0000000000000384       0x2c CMakeFiles/main.dir/home/jim/pub/pico/pico-sdk/src/rp2_common/pico_printf/printf.c.obj
 .ARM.attributes
                0x00000000000003b0       0x22 CMakeFiles/main.dir/home/jim/pub/pico/pico-sdk/src/rp2_common/pico_bit_ops/bit_ops_aeabi.S.obj
 .ARM.attributes
                0x00000000000003d2       0x2c CMakeFiles/main.dir/home/jim/pub/pico/pico-sdk/src/rp2_common/pico_bootrom/bootrom.c.obj
 .ARM.attributes
                0x00000000000003fe       0x22 CMakeFiles/main.dir/home/jim/pub/pico/pico-sdk/src/rp2_common/pico_divider/divider.S.obj
 .ARM.attributes
                0x0000000000000420       0x22 CMakeFiles/main.dir/home/jim/pub/pico/pico-sdk/src/rp2_common/pico_double/double_aeabi.S.obj
 .ARM.attributes
                0x0000000000000442       0x2c CMakeFiles/main.dir/home/jim/pub/pico/pico-sdk/src/rp2_common/pico_double/double_init_rom.c.obj
 .ARM.attributes
                0x000000000000046e       0x22 CMakeFiles/main.dir/home/jim/pub/pico/pico-sdk/src/rp2_common/pico_double/double_v1_rom_shim.S.obj
 .ARM.attributes
                0x0000000000000490       0x22 CMakeFiles/main.dir/home/jim/pub/pico/pico-sdk/src/rp2_common/pico_int64_ops/pico_int64_ops_aeabi.S.obj
 .ARM.attributes
                0x00000000000004b2       0x22 CMakeFiles/main.dir/home/jim/pub/pico/pico-sdk/src/rp2_common/pico_float/float_aeabi.S.obj
 .ARM.attributes
                0x00000000000004d4       0x2c CMakeFiles/main.dir/home/jim/pub/pico/pico-sdk/src/rp2_common/pico_float/float_init_rom.c.obj
 .ARM.attributes
                0x0000000000000500       0x22 CMakeFiles/main.dir/home/jim/pub/pico/pico-sdk/src/rp2_common/pico_float/float_v1_rom_shim.S.obj
 .ARM.attributes
                0x0000000000000522       0x22 CMakeFiles/main.dir/home/jim/pub/pico/pico-sdk/src/rp2_common/pico_mem_ops/mem_ops_aeabi.S.obj
 .ARM.attributes
                0x0000000000000544       0x22 CMakeFiles/main.dir/home/jim/pub/pico/pico-sdk/src/rp2_common/pico_standard_link/crt0.S.obj
 .ARM.attributes
                0x0000000000000566       0x32 CMakeFiles/main.dir/home/jim/pub/pico/pico-sdk/src/rp2_common/pico_standard_link/binary_info.c.obj
 .ARM.attributes
                0x0000000000000598       0x2c CMakeFiles/main.dir/home/jim/pub/pico/pico-sdk/src/rp2_common/pico_stdio/stdio.c.obj
 .ARM.attributes
                0x00000000000005c4       0x2c CMakeFiles/main.dir/home/jim/pub/pico/pico-sdk/src/rp2_common/pico_stdio_uart/stdio_uart.c.obj
 .ARM.attributes
                0x00000000000005f0       0x2c CMakeFiles/main.dir/home/jim/pub/pico/pico-sdk/src/rp2_common/pico_stdio_usb/reset_interface.c.obj
 .ARM.attributes
                0x000000000000061c       0x2c CMakeFiles/main.dir/home/jim/pub/pico/pico-sdk/src/rp2_common/pico_stdio_usb/stdio_usb.c.obj
 .ARM.attributes
                0x0000000000000648       0x2c CMakeFiles/main.dir/home/jim/pub/pico/pico-sdk/src/rp2_common/pico_stdio_usb/stdio_usb_descriptors.c.obj
 .ARM.attributes
                0x0000000000000674       0x2c CMakeFiles/main.dir/home/jim/pub/pico/pico-sdk/lib/tinyusb/src/portable/raspberrypi/rp2040/dcd_rp2040.c.obj
 .ARM.attributes
                0x00000000000006a0       0x2c CMakeFiles/main.dir/home/jim/pub/pico/pico-sdk/lib/tinyusb/src/portable/raspberrypi/rp2040/rp2040_usb.c.obj
 .ARM.attributes
                0x00000000000006cc       0x2c CMakeFiles/main.dir/home/jim/pub/pico/pico-sdk/lib/tinyusb/src/device/usbd.c.obj
 .ARM.attributes
                0x00000000000006f8       0x2c CMakeFiles/main.dir/home/jim/pub/pico/pico-sdk/lib/tinyusb/src/device/usbd_control.c.obj
 .ARM.attributes
                0x0000000000000724       0x2c CMakeFiles/main.dir/home/jim/pub/pico/pico-sdk/lib/tinyusb/src/class/cdc/cdc_device.c.obj
 .ARM.attributes
                0x0000000000000750       0x2c CMakeFiles/main.dir/home/jim/pub/pico/pico-sdk/lib/tinyusb/src/tusb.c.obj
 .ARM.attributes
                0x000000000000077c       0x2c CMakeFiles/main.dir/home/jim/pub/pico/pico-sdk/lib/tinyusb/src/common/tusb_fifo.c.obj
 .ARM.attributes
                0x00000000000007a8       0x2c CMakeFiles/main.dir/home/jim/pub/pico/pico-sdk/src/rp2_common/pico_unique_id/unique_id.c.obj
 .ARM.attributes
                0x00000000000007d4       0x2c CMakeFiles/main.dir/home/jim/pub/pico/pico-sdk/src/rp2_common/hardware_flash/flash.c.obj
 .ARM.attributes
                0x0000000000000800       0x2c CMakeFiles/main.dir/home/jim/pub/pico/pico-sdk/src/rp2_common/hardware_i2c/i2c.c.obj
 .ARM.attributes
                0x000000000000082c       0x2c CMakeFiles/main.dir/i2c_slave/i2c_slave.c.obj
 .ARM.attributes
                0x0000000000000858       0x22 /tmp/ccopTu2W.o
 .ARM.attributes
                0x000000000000087a       0x1e /usr/lib/gcc/arm-none-eabi/9.2.1/thumb/v6-m/nofp/libgcc.a(_dvmd_tls.o)
 .ARM.attributes
                0x0000000000000898       0x2c /usr/lib/gcc/arm-none-eabi/9.2.1/../../../arm-none-eabi/lib/thumb/v6-m/nofp/libc.a(lib_a-strlen-stub.o)
 .ARM.attributes
                0x00000000000008c4       0x2c /usr/lib/gcc/arm-none-eabi/9.2.1/thumb/v6-m/nofp/crtend.o

.comment        0x0000000000000000       0xa7
 .comment       0x0000000000000000       0x59 /usr/lib/gcc/arm-none-eabi/9.2.1/thumb/v6-m/nofp/crtbegin.o
                                         0x5a (size before relaxing)
 .comment       0x0000000000000059       0x5a CMakeFiles/main.dir/main.c.obj
 .comment       0x0000000000000059       0x5a CMakeFiles/main.dir/home/jim/pub/pico/pico-sdk/src/rp2_common/hardware_gpio/gpio.c.obj
 .comment       0x0000000000000059       0x5a CMakeFiles/main.dir/home/jim/pub/pico/pico-sdk/src/rp2_common/hardware_claim/claim.c.obj
 .comment       0x0000000000000059       0x5a CMakeFiles/main.dir/home/jim/pub/pico/pico-sdk/src/rp2_common/pico_platform/platform.c.obj
 .comment       0x0000000000000059       0x5a CMakeFiles/main.dir/home/jim/pub/pico/pico-sdk/src/rp2_common/hardware_sync/sync.c.obj
 .comment       0x0000000000000059       0x5a CMakeFiles/main.dir/home/jim/pub/pico/pico-sdk/src/rp2_common/hardware_uart/uart.c.obj
 .comment       0x0000000000000059       0x5a CMakeFiles/main.dir/home/jim/pub/pico/pico-sdk/src/common/pico_time/time.c.obj
 .comment       0x0000000000000059       0x5a CMakeFiles/main.dir/home/jim/pub/pico/pico-sdk/src/rp2_common/hardware_timer/timer.c.obj
 .comment       0x0000000000000059       0x5a CMakeFiles/main.dir/home/jim/pub/pico/pico-sdk/src/common/pico_sync/lock_core.c.obj
 .comment       0x0000000000000059       0x5a CMakeFiles/main.dir/home/jim/pub/pico/pico-sdk/src/common/pico_sync/mutex.c.obj
 .comment       0x0000000000000059       0x5a CMakeFiles/main.dir/home/jim/pub/pico/pico-sdk/src/common/pico_sync/critical_section.c.obj
 .comment       0x0000000000000059       0x5a CMakeFiles/main.dir/home/jim/pub/pico/pico-sdk/src/common/pico_util/pheap.c.obj
 .comment       0x0000000000000059       0x5a CMakeFiles/main.dir/home/jim/pub/pico/pico-sdk/src/rp2_common/pico_runtime/runtime.c.obj
 .comment       0x0000000000000059       0x5a CMakeFiles/main.dir/home/jim/pub/pico/pico-sdk/src/rp2_common/hardware_clocks/clocks.c.obj
 .comment       0x0000000000000059       0x5a CMakeFiles/main.dir/home/jim/pub/pico/pico-sdk/src/rp2_common/hardware_irq/irq.c.obj
 .comment       0x0000000000000059       0x5a CMakeFiles/main.dir/home/jim/pub/pico/pico-sdk/src/rp2_common/hardware_pll/pll.c.obj
 .comment       0x0000000000000059       0x5a CMakeFiles/main.dir/home/jim/pub/pico/pico-sdk/src/rp2_common/hardware_watchdog/watchdog.c.obj
 .comment       0x0000000000000059       0x5a CMakeFiles/main.dir/home/jim/pub/pico/pico-sdk/src/rp2_common/hardware_xosc/xosc.c.obj
 .comment       0x0000000000000059       0x5a CMakeFiles/main.dir/home/jim/pub/pico/pico-sdk/src/rp2_common/pico_printf/printf.c.obj
 .comment       0x0000000000000059       0x5a CMakeFiles/main.dir/home/jim/pub/pico/pico-sdk/src/rp2_common/pico_bootrom/bootrom.c.obj
 .comment       0x0000000000000059       0x5a CMakeFiles/main.dir/home/jim/pub/pico/pico-sdk/src/rp2_common/pico_double/double_init_rom.c.obj
 .comment       0x0000000000000059       0x5a CMakeFiles/main.dir/home/jim/pub/pico/pico-sdk/src/rp2_common/pico_float/float_init_rom.c.obj
 .comment       0x0000000000000059       0x5a CMakeFiles/main.dir/home/jim/pub/pico/pico-sdk/src/rp2_common/pico_standard_link/binary_info.c.obj
 .comment       0x0000000000000059       0x5a CMakeFiles/main.dir/home/jim/pub/pico/pico-sdk/src/rp2_common/pico_stdio/stdio.c.obj
 .comment       0x0000000000000059       0x5a CMakeFiles/main.dir/home/jim/pub/pico/pico-sdk/src/rp2_common/pico_stdio_uart/stdio_uart.c.obj
 .comment       0x0000000000000059       0x5a CMakeFiles/main.dir/home/jim/pub/pico/pico-sdk/src/rp2_common/pico_stdio_usb/reset_interface.c.obj
 .comment       0x0000000000000059       0x5a CMakeFiles/main.dir/home/jim/pub/pico/pico-sdk/src/rp2_common/pico_stdio_usb/stdio_usb.c.obj
 .comment       0x0000000000000059       0x5a CMakeFiles/main.dir/home/jim/pub/pico/pico-sdk/src/rp2_common/pico_stdio_usb/stdio_usb_descriptors.c.obj
 .comment       0x0000000000000059       0x5a CMakeFiles/main.dir/home/jim/pub/pico/pico-sdk/lib/tinyusb/src/portable/raspberrypi/rp2040/dcd_rp2040.c.obj
 .comment       0x0000000000000059       0x5a CMakeFiles/main.dir/home/jim/pub/pico/pico-sdk/lib/tinyusb/src/portable/raspberrypi/rp2040/rp2040_usb.c.obj
 .comment       0x0000000000000059       0x5a CMakeFiles/main.dir/home/jim/pub/pico/pico-sdk/lib/tinyusb/src/device/usbd.c.obj
 .comment       0x0000000000000059       0x5a CMakeFiles/main.dir/home/jim/pub/pico/pico-sdk/lib/tinyusb/src/device/usbd_control.c.obj
 .comment       0x0000000000000059       0x5a CMakeFiles/main.dir/home/jim/pub/pico/pico-sdk/lib/tinyusb/src/class/cdc/cdc_device.c.obj
 .comment       0x0000000000000059       0x5a CMakeFiles/main.dir/home/jim/pub/pico/pico-sdk/lib/tinyusb/src/tusb.c.obj
 .comment       0x0000000000000059       0x5a CMakeFiles/main.dir/home/jim/pub/pico/pico-sdk/lib/tinyusb/src/common/tusb_fifo.c.obj
 .comment       0x0000000000000059       0x5a CMakeFiles/main.dir/home/jim/pub/pico/pico-sdk/src/rp2_common/pico_unique_id/unique_id.c.obj
 .comment       0x0000000000000059       0x5a CMakeFiles/main.dir/home/jim/pub/pico/pico-sdk/src/rp2_common/hardware_flash/flash.c.obj
 .comment       0x0000000000000059       0x5a CMakeFiles/main.dir/home/jim/pub/pico/pico-sdk/src/rp2_common/hardware_i2c/i2c.c.obj
 .comment       0x0000000000000059       0x5a CMakeFiles/main.dir/i2c_slave/i2c_slave.c.obj
 .comment       0x0000000000000059       0x4e /usr/lib/gcc/arm-none-eabi/9.2.1/../../../arm-none-eabi/lib/thumb/v6-m/nofp/libc.a(lib_a-strlen-stub.o)